Component: ARM Compiler 5.05 update 1 (build 106) Tool: armlink [4d0efa]

==============================================================================

Section Cross References

    main.o(i.ZutaiGPIO_Init) refers to stm32f10x_rcc.o(i.RCC_APB2PeriphClockCmd) for RCC_APB2PeriphClockCmd
    main.o(i.ZutaiGPIO_Init) refers to stm32f10x_gpio.o(i.GPIO_Init) for GPIO_Init
    main.o(i.ZutaiGPIO_Init) refers to stm32f10x_gpio.o(i.GPIO_ResetBits) for GPIO_ResetBits
    main.o(i.ZutaiGPIO_Init) refers to delay.o(i.delay_ms) for delay_ms
    main.o(i.ZutaiGPIO_Init) refers to main.o(.data) for PowerOnPinx
    main.o(i.main) refers to usart.o(i.uart_init) for uart_init
    main.o(i.main) refers to usart3.o(i.usart3_init) for usart3_init
    main.o(i.main) refers to delay.o(i.delay_init) for delay_init
    main.o(i.main) refers to ili93xx.o(i.LCD_DisplayOn) for LCD_DisplayOn
    main.o(i.main) refers to main.o(i.ZutaiGPIO_Init) for ZutaiGPIO_Init
    main.o(i.main) refers to rfid_rcc522.o(i.RC522_Init) for RC522_Init
    main.o(i.main) refers to ili93xx.o(i.LCD_ShowString) for LCD_ShowString
    main.o(i.main) refers to rfid_rcc522.o(i.RC522_Handel) for RC522_Handel
    main.o(i.main) refers to delay.o(i.delay_ms) for delay_ms
    main.o(i.main) refers to usart3.o(i.u3_printf) for u3_printf
    main.o(i.main) refers to dflt_clz.o(x$fpl$dflt) for __aeabi_i2d
    main.o(i.main) refers to pow.o(i.pow) for pow
    main.o(i.main) refers to dmul.o(x$fpl$dmul) for __aeabi_dmul
    main.o(i.main) refers to dflt_clz.o(x$fpl$dfltu) for __aeabi_ui2d
    main.o(i.main) refers to daddsub_clz.o(x$fpl$dadd) for __aeabi_dadd
    main.o(i.main) refers to dfixu.o(x$fpl$dfixu) for __aeabi_d2uiz
    main.o(i.main) refers to ili93xx.o(i.LCD_ShowxNum) for LCD_ShowxNum
    main.o(i.main) refers to stm32f10x_gpio.o(i.GPIO_ResetBits) for GPIO_ResetBits
    main.o(i.main) refers to stm32f10x_gpio.o(i.GPIO_SetBits) for GPIO_SetBits
    main.o(i.main) refers to key.o(i.KEY_Scan) for KEY_Scan
    main.o(i.main) refers to main.o(.constdata) for .constdata
    main.o(i.main) refers to ili93xx.o(.data) for POINT_COLOR
    main.o(i.main) refers to usart3.o(.data) for USART3_RX_STA
    main.o(i.main) refers to usart3.o(.bss) for USART3_RX_BUF
    main.o(i.main) refers to main.o(.data) for PowerOnPinx
    system_stm32f10x.o(i.SetSysClock) refers to system_stm32f10x.o(i.SetSysClockTo72) for SetSysClockTo72
    system_stm32f10x.o(i.SystemCoreClockUpdate) refers to system_stm32f10x.o(.data) for SystemCoreClock
    system_stm32f10x.o(i.SystemInit) refers to system_stm32f10x.o(i.SetSysClock) for SetSysClock
    startup_stm32f10x_hd.o(STACK) refers (Special) to heapauxi.o(.text) for __use_two_region_memory
    startup_stm32f10x_hd.o(HEAP) refers (Special) to heapauxi.o(.text) for __use_two_region_memory
    startup_stm32f10x_hd.o(RESET) refers (Special) to heapauxi.o(.text) for __use_two_region_memory
    startup_stm32f10x_hd.o(RESET) refers to startup_stm32f10x_hd.o(STACK) for __initial_sp
    startup_stm32f10x_hd.o(RESET) refers to startup_stm32f10x_hd.o(.text) for Reset_Handler
    startup_stm32f10x_hd.o(RESET) refers to stm32f10x_it.o(i.NMI_Handler) for NMI_Handler
    startup_stm32f10x_hd.o(RESET) refers to stm32f10x_it.o(i.HardFault_Handler) for HardFault_Handler
    startup_stm32f10x_hd.o(RESET) refers to stm32f10x_it.o(i.MemManage_Handler) for MemManage_Handler
    startup_stm32f10x_hd.o(RESET) refers to stm32f10x_it.o(i.BusFault_Handler) for BusFault_Handler
    startup_stm32f10x_hd.o(RESET) refers to stm32f10x_it.o(i.UsageFault_Handler) for UsageFault_Handler
    startup_stm32f10x_hd.o(RESET) refers to stm32f10x_it.o(i.SVC_Handler) for SVC_Handler
    startup_stm32f10x_hd.o(RESET) refers to stm32f10x_it.o(i.DebugMon_Handler) for DebugMon_Handler
    startup_stm32f10x_hd.o(RESET) refers to stm32f10x_it.o(i.PendSV_Handler) for PendSV_Handler
    startup_stm32f10x_hd.o(RESET) refers to stm32f10x_it.o(i.SysTick_Handler) for SysTick_Handler
    startup_stm32f10x_hd.o(RESET) refers to timer.o(i.TIM3_IRQHandler) for TIM3_IRQHandler
    startup_stm32f10x_hd.o(RESET) refers to usart.o(i.USART1_IRQHandler) for USART1_IRQHandler
    startup_stm32f10x_hd.o(RESET) refers to usart3.o(i.USART3_IRQHandler) for USART3_IRQHandler
    startup_stm32f10x_hd.o(RESET) refers to timer.o(i.TIM7_IRQHandler) for TIM7_IRQHandler
    startup_stm32f10x_hd.o(.text) refers (Special) to heapauxi.o(.text) for __use_two_region_memory
    startup_stm32f10x_hd.o(.text) refers to system_stm32f10x.o(i.SystemInit) for SystemInit
    startup_stm32f10x_hd.o(.text) refers to __main.o(!!!main) for __main
    startup_stm32f10x_hd.o(.text) refers to startup_stm32f10x_hd.o(HEAP) for Heap_Mem
    startup_stm32f10x_hd.o(.text) refers to startup_stm32f10x_hd.o(STACK) for Stack_Mem
    stm32f10x_adc.o(i.ADC_DeInit) refers to stm32f10x_rcc.o(i.RCC_APB2PeriphResetCmd) for RCC_APB2PeriphResetCmd
    stm32f10x_bkp.o(i.BKP_DeInit) refers to stm32f10x_rcc.o(i.RCC_BackupResetCmd) for RCC_BackupResetCmd
[...]
    i.RCC_GetClocksFreq                      0x080027e0   Section        0  stm32f10x_rcc.o(i.RCC_GetClocksFreq)
    i.ReadRawRC                              0x080028b4   Section        0  rfid_rcc522.o(i.ReadRawRC)
    i.SPI1_Init                              0x080028e8   Section        0  rfid_rcc522.o(i.SPI1_Init)
    i.SPI_RC522_ReadByte                     0x080029a4   Section        0  rfid_rcc522.o(i.SPI_RC522_ReadByte)
    i.SPI_RC522_SendByte                     0x080029f0   Section        0  rfid_rcc522.o(i.SPI_RC522_SendByte)
    i.SVC_Handler                            0x08002a44   Section        0  stm32f10x_it.o(i.SVC_Handler)
    i.SetBitMask                             0x08002a46   Section        0  rfid_rcc522.o(i.SetBitMask)
    i.SetSysClock                            0x08002a60   Section        0  system_stm32f10x.o(i.SetSysClock)
    SetSysClock                              0x08002a61   Thumb Code     8  system_stm32f10x.o(i.SetSysClock)
    i.SetSysClockTo72                        0x08002a68   Section        0  system_stm32f10x.o(i.SetSysClockTo72)
    SetSysClockTo72                          0x08002a69   Thumb Code   214  system_stm32f10x.o(i.SetSysClockTo72)
    i.ShowID                                 0x08002b48   Section        0  rfid_rcc522.o(i.ShowID)
    i.SysTick_CLKSourceConfig                0x08002c00   Section        0  misc.o(i.SysTick_CLKSourceConfig)
    i.SysTick_Handler                        0x08002c28   Section        0  stm32f10x_it.o(i.SysTick_Handler)
    i.SystemInit                             0x08002c2c   Section        0  system_stm32f10x.o(i.SystemInit)
    i.TIM3_IRQHandler                        0x08002c8c   Section        0  timer.o(i.TIM3_IRQHandler)
    i.TIM7_IRQHandler                        0x08002cc8   Section        0  timer.o(i.TIM7_IRQHandler)
    i.TIM7_Int_Init                          0x08002cfc   Section        0  timer.o(i.TIM7_Int_Init)
    i.TIM_ClearFlag                          0x08002d5c   Section        0  stm32f10x_tim.o(i.TIM_ClearFlag)
    i.TIM_ClearITPendingBit                  0x08002d62   Section        0  stm32f10x_tim.o(i.TIM_ClearITPendingBit)
    i.TIM_Cmd                                0x08002d68   Section        0  stm32f10x_tim.o(i.TIM_Cmd)
    i.TIM_GetFlagStatus                      0x08002d80   Section        0  stm32f10x_tim.o(i.TIM_GetFlagStatus)
    i.TIM_GetITStatus                        0x08002d92   Section        0  stm32f10x_tim.o(i.TIM_GetITStatus)
    i.TIM_ITConfig                           0x08002db4   Section        0  stm32f10x_tim.o(i.TIM_ITConfig)
    i.TIM_SetCounter                         0x08002dc6   Section        0  stm32f10x_tim.o(i.TIM_SetCounter)
    i.TIM_TimeBaseInit                       0x08002dcc   Section        0  stm32f10x_tim.o(i.TIM_TimeBaseInit)
    i.USART1_IRQHandler                      0x08002e70   Section        0  usart.o(i.USART1_IRQHandler)
    i.USART3_IRQHandler                      0x08002ec4   Section        0  usart3.o(i.USART3_IRQHandler)
    i.USART_Cmd                              0x08002f34   Section        0  stm32f10x_usart.o(i.USART_Cmd)
    i.USART_DeInit                           0x08002f4c   Section        0  stm32f10x_usart.o(i.USART_DeInit)
    i.USART_GetFlagStatus                    0x08002fe8   Section        0  stm32f10x_usart.o(i.USART_GetFlagStatus)
    i.USART_GetITStatus                      0x08003002   Section        0  stm32f10x_usart.o(i.USART_GetITStatus)
    i.USART_ITConfig                         0x08003056   Section        0  stm32f10x_usart.o(i.USART_ITConfig)
    i.USART_Init                             0x080030a0   Section        0  stm32f10x_usart.o(i.USART_Init)
    i.USART_ReceiveData                      0x08003178   Section        0  stm32f10x_usart.o(i.USART_ReceiveData)
    i.USART_SendData                         0x08003182   Section        0  stm32f10x_usart.o(i.USART_SendData)
    i.UsageFault_Handler                     0x0800318a   Section        0  stm32f10x_it.o(i.UsageFault_Handler)
    i.WriteRawRC                             0x08003190   Section        0  rfid_rcc522.o(i.WriteRawRC)
    i.ZutaiGPIO_Init                         0x080031c0   Section        0  main.o(i.ZutaiGPIO_Init)
    i.__ARM_fpclassify                       0x08003238   Section        0  fpclassify.o(i.__ARM_fpclassify)
    i.__kernel_poly                          0x08003260   Section        0  poly.o(i.__kernel_poly)
    i.__mathlib_dbl_divzero                  0x0800330c   Section        0  dunder.o(i.__mathlib_dbl_divzero)
    i.__mathlib_dbl_infnan2                  0x0800331c   Section        0  dunder.o(i.__mathlib_dbl_infnan2)
    i.__mathlib_dbl_invalid                  0x08003320   Section        0  dunder.o(i.__mathlib_dbl_invalid)
    i.__mathlib_dbl_overflow                 0x0800332c   Section        0  dunder.o(i.__mathlib_dbl_overflow)
    i.__mathlib_dbl_underflow                0x0800333c   Section        0  dunder.o(i.__mathlib_dbl_underflow)
    i._is_digit                              0x0800334c   Section        0  __printf_wp.o(i._is_digit)
    i._sys_exit                              0x0800335a   Section        0  usart.o(i._sys_exit)
    i.delay_init                             0x08003360   Section        0  delay.o(i.delay_init)
    i.delay_ms                               0x080033a4   Section        0  delay.o(i.delay_ms)
    i.delay_us                               0x080033f0   Section        0  delay.o(i.delay_us)
    i.fputc                                  0x0800343c   Section        0  usart.o(i.fputc)
    i.main                                   0x08003458   Section        0  main.o(i.main)
    i.pow                                    0x080036ac   Section        0  pow.o(i.pow)
    i.sqrt                                   0x08004064   Section        0  sqrt.o(i.sqrt)
    i.u3_printf                              0x080040b0   Section        0  usart3.o(i.u3_printf)
    i.uart_init                              0x08004100   Section        0  usart.o(i.uart_init)
    i.usart3_init                            0x080041a0   Section        0  usart3.o(i.usart3_init)
    locale$$code                             0x08004270   Section       44  lc_numeric_c.o(locale$$code)
    locale$$code                             0x0800429c   Section       44  lc_ctype_c.o(locale$$code)
    x$fpl$dadd                               0x080042c8   Section      336  daddsub_clz.o(x$fpl$dadd)
    _dadd1                                   0x080042d9   Thumb Code     0  daddsub_clz.o(x$fpl$dadd)
    x$fpl$dcheck1                            0x08004418   Section       16  dcheck1.o(x$fpl$dcheck1)
    x$fpl$dcmpinf                            0x08004428   Section       24  dcmpi.o(x$fpl$dcmpinf)
    x$fpl$ddiv                               0x08004440   Section      688  ddiv.o(x$fpl$ddiv)
    ddiv_entry                               0x08004447   Thumb Code     0  ddiv.o(x$fpl$ddiv)
    x$fpl$dfixu                              0x080046f0   Section       90  dfixu.o(x$fpl$dfixu)
    x$fpl$dflt                               0x0800474a   Section       46  dflt_clz.o(x$fpl$dflt)
    x$fpl$dfltu                              0x08004778   Section       38  dflt_clz.o(x$fpl$dfltu)
    x$fpl$dleqf                              0x080047a0   Section      120  dleqf.o(x$fpl$dleqf)
    x$fpl$dmul                               0x08004818   Section      340  dmul.o(x$fpl$dmul)
    x$fpl$dnaninf                            0x0800496c   Section      156  dnaninf.o(x$fpl$dnaninf)
    x$fpl$dretinf                            0x08004a08   Section       12  dretinf.o(x$fpl$dretinf)
    x$fpl$drleqf                             0x08004a14   Section      108  drleqf.o(x$fpl$drleqf)
    x$fpl$drsb                               0x08004a80   Section       22  daddsub_clz.o(x$fpl$drsb)
    x$fpl$dsqrt                              0x08004a98   Section      460  dsqrt_noumaal.o(x$fpl$dsqrt)
    x$fpl$dsub                               0x08004c64   Section      468  daddsub_clz.o(x$fpl$dsub)
    _dsub1                                   0x08004c75   Thumb Code     0  daddsub_clz.o(x$fpl$dsub)
    x$fpl$printf1                            0x08004e38   Section        4  printf1.o(x$fpl$printf1)
    x$fpl$retnan                             0x08004e3c   Section      100  retnan.o(x$fpl$retnan)
    x$fpl$scalbn                             0x08004ea0   Section       92  scalbn.o(x$fpl$scalbn)
    x$fpl$trapveneer                         0x08004efc   Section       48  trapv.o(x$fpl$trapveneer)
    .constdata                               0x08004f2c   Section        6  main.o(.constdata)
    x$fpl$usenofp                            0x08004f2c   Section        0  usenofp.o(x$fpl$usenofp)
    .constdata                               0x08004f32   Section     6080  ili93xx.o(.constdata)
    .constdata                               0x080066f2   Section       40  _printf_hex_int_ll_ptr.o(.constdata)
    uc_hextab                                0x080066f2   Data          20  _printf_hex_int_ll_ptr.o(.constdata)
    lc_hextab                                0x08006706   Data          20  _printf_hex_int_ll_ptr.o(.constdata)
    .constdata                               0x0800671a   Section       17  __printf_flags_ss_wp.o(.constdata)
    maptable                                 0x0800671a   Data          17  __printf_flags_ss_wp.o(.constdata)
    .constdata                               0x08006730   Section      136  pow.o(.constdata)
    bp                                       0x08006730   Data          16  pow.o(.constdata)
    dp_h                                     0x08006740   Data          16  pow.o(.constdata)
    dp_l                                     0x08006750   Data          16  pow.o(.constdata)
    L                                        0x08006760   Data          48  pow.o(.constdata)
    P                                        0x08006790   Data          40  pow.o(.constdata)
    .constdata                               0x080067b8   Section        8  _printf_wctomb.o(.constdata)
    initial_mbstate                          0x080067b8   Data           8  _printf_wctomb.o(.constdata)
    .constdata                               0x080067c0   Section        8  qnan.o(.constdata)
    .constdata                               0x080067c8   Section      148  bigflt0.o(.constdata)
    tenpwrs_x                                0x080067c8   Data          60  bigflt0.o(.constdata)
    tenpwrs_i                                0x08006804   Data          64  bigflt0.o(.constdata)
    locale$$data                             0x0800687c   Section       28  lc_numeric_c.o(locale$$data)
    __lcnum_c_name                           0x08006880   Data           2  lc_numeric_c.o(locale$$data)
    __lcnum_c_start                          0x08006888   Data           0  lc_numeric_c.o(locale$$data)
    __lcnum_c_point                          0x08006894   Data           0  lc_numeric_c.o(locale$$data)
    __lcnum_c_thousands                      0x08006896   Data           0  lc_numeric_c.o(locale$$data)
    __lcnum_c_grouping                       0x08006897   Data           0  lc_numeric_c.o(locale$$data)
    locale$$data                             0x08006898   Section      272  lc_ctype_c.o(locale$$data)
    __lcnum_c_end                            0x08006898   Data           0  lc_numeric_c.o(locale$$data)
    __lcctype_c_name                         0x0800689c   Data           2  lc_ctype_c.o(locale$$data)
    __lcctype_c_start                        0x080068a4   Data           0  lc_ctype_c.o(locale$$data)
    __lcctype_c_end                          0x080069a8   Data           0  lc_ctype_c.o(locale$$data)
    .data                                    0x20000000   Section      126  main.o(.data)
    .data                                    0x20000080   Section       20  system_stm32f10x.o(.data)
    .data                                    0x20000094   Section       20  stm32f10x_rcc.o(.data)
    APBAHBPrescTable                         0x20000094   Data          16  stm32f10x_rcc.o(.data)
    ADCPrescTable                            0x200000a4   Data           4  stm32f10x_rcc.o(.data)
    .data                                    0x200000a8   Section        2  key.o(.data)
    key_up                                   0x200000a8   Data           1  key.o(.data)
    key_up                                   0x200000a9   Data           1  key.o(.data)
    .data                                    0x200000ac   Section        6  usart.o(.data)
    .data                                    0x200000b2   Section        4  delay.o(.data)
    fac_us                                   0x200000b2   Data           1  delay.o(.data)
    fac_ms                                   0x200000b4   Data           2  delay.o(.data)
    .data                                    0x200000b6   Section        2  usart3.o(.data)
    .data                                    0x200000b8   Section       62  rfid_rcc522.o(.data)
    .data                                    0x200000f6   Section        4  ili93xx.o(.data)
    .bss                                     0x200000fc   Section      200  usart.o(.bss)
    .bss                                     0x200001c4   Section     1200  usart3.o(.bss)
    .bss                                     0x20000674   Section       16  rfid_rcc522.o(.bss)
    .bss                                     0x20000684   Section       14  ili93xx.o(.bss)
    .bss                                     0x20000694   Section       96  libspace.o(.bss)
    HEAP                                     0x200006f8   Section      512  startup_stm32f10x_hd.o(HEAP)
    Heap_Mem                                 0x200006f8   Data         512  startup_stm32f10x_hd.o(HEAP)
    STACK                                    0x200008f8   Section     1024  startup_stm32f10x_hd.o(STACK)
    Stack_Mem                                0x200008f8   Data        1024  startup_stm32f10x_hd.o(STACK)
    __initial_sp                             0x20000cf8   Data           0  startup_stm32f10x_hd.o(STACK)

    Global Symbols

    Symbol Name                              Value     Ov Type        Size  Object(Section)

    BuildAttributes$$THM_ISAv4$P$D$K$B$S$PE$A:L22UL41UL21$X:L11$S22US41US21$IEEE1$IW$USESV6$~STKCKD$USESV7$~SHL$OTIME$ROPI$IEEEX$EBA8$UX$STANDARDLIB$REQ8$PRES8$EABIv2 0x00000000   Number         0  anon$$obj.o ABSOLUTE
    __ARM_use_no_argv                        0x00000000   Number         0  main.o ABSOLUTE
    _printf_flags                            0x00000000   Number         0  printf_stubs.o ABSOLUTE
    _printf_return_value                     0x00000000   Number         0  printf_stubs.o ABSOLUTE
    _printf_sizespec                         0x00000000   Number         0  printf_stubs.o ABSOLUTE
    _printf_widthprec                        0x00000000   Number         0  printf_stubs.o ABSOLUTE
    __ARM_exceptions_init                     - Undefined Weak Reference
    __alloca_initialize                       - Undefined Weak Reference
    __arm_preinit_                            - Undefined Weak Reference
    __cpp_initialize__aeabi_                  - Undefined Weak Reference
    __cxa_finalize                            - Undefined Weak Reference
    __sigvec_lookup                           - Undefined Weak Reference
    _atexit_init                              - Undefined Weak Reference
    _call_atexit_fns                          - Undefined Weak Reference
    _clock_init                               - Undefined Weak Reference
    _fp_trap_init                             - Undefined Weak Reference
    _fp_trap_shutdown                         - Undefined Weak Reference
    _get_lc_collate                           - Undefined Weak Reference
    _get_lc_monetary                          - Undefined Weak Reference
    _get_lc_time                              - Undefined Weak Reference
    _getenv_init                              - Undefined Weak Reference
    _handle_redirection                       - Undefined Weak Reference
    _init_alloc                               - Undefined Weak Reference
    _init_user_alloc                          - Undefined Weak Reference
    _initio                                   - Undefined Weak Reference
    _mutex_acquire                            - Undefined Weak Reference
    _mutex_release                            - Undefined Weak Reference
    _printf_fp_hex                            - Undefined Weak Reference
    _printf_mbtowc                            - Undefined Weak Reference
    _printf_wc                                - Undefined Weak Reference
    _rand_init                                - Undefined Weak Reference
    _signal_finish                            - Undefined Weak Reference
    _signal_init                              - Undefined Weak Reference
    _terminate_alloc                          - Undefined Weak Reference
    _terminate_user_alloc                     - Undefined Weak Reference
    _terminateio                              - Undefined Weak Reference
    __Vectors_Size                           0x00000130   Number         0  startup_stm32f10x_hd.o ABSOLUTE
    __Vectors                                0x08000000   Data           4  startup_stm32f10x_hd.o(RESET)
    __Vectors_End                            0x08000130   Data           0  startup_stm32f10x_hd.o(RESET)
    __main                                   0x08000131   Thumb Code     8  __main.o(!!!main)
    __scatterload                            0x08000139   Thumb Code     0  __scatter.o(!!!scatter)
    __scatterload_rt2                        0x08000139   Thumb Code    44  __scatter.o(!!!scatter)
    __scatterload_rt2_thumb_only             0x08000139   Thumb Code     0  __scatter.o(!!!scatter)
    __scatterload_null                       0x08000147   Thumb Code     0  __scatter.o(!!!scatter)
    __scatterload_copy                       0x0800016d   Thumb Code    26  __scatter_copy.o(!!handler_copy)
    __scatterload_zeroinit                   0x08000189   Thumb Code    28  __scatter_zi.o(!!handler_zi)
    _printf_n                                0x080001a5   Thumb Code     0  _printf_n.o(.ARM.Collect$$_printf_percent$$00000001)
    _printf_percent                          0x080001a5   Thumb Code     0  _printf_percent.o(.ARM.Collect$$_printf_percent$$00000000)
    _printf_p                                0x080001ab   Thumb Code     0  _printf_p.o(.ARM.Collect$$_printf_percent$$00000002)
    _printf_f                                0x080001b1   Thumb Code     0  _printf_f.o(.ARM.Collect$$_printf_percent$$00000003)
    _printf_e                                0x080001b7   Thumb Code     0  _printf_e.o(.ARM.Collect$$_printf_percent$$00000004)
    _printf_g                                0x080001bd   Thumb Code     0  _printf_g.o(.ARM.Collect$$_printf_percent$$00000005)
    _printf_a                                0x080001c3   Thumb Code     0  _printf_a.o(.ARM.Collect$$_printf_percent$$00000006)
    _printf_ll                               0x080001c9   Thumb Code     0  _printf_ll.o(.ARM.Collect$$_printf_percent$$00000007)
    _printf_i                                0x080001d3   Thumb Code     0  _printf_i.o(.ARM.Collect$$_printf_percent$$00000008)
    _printf_d                                0x080001d9   Thumb Code     0  _printf_d.o(.ARM.Collect$$_printf_percent$$00000009)
    _printf_u                                0x080001df   Thumb Code     0  _printf_u.o(.ARM.Collect$$_printf_percent$$0000000A)
    _printf_o                                0x080001e5   Thumb Code     0  _printf_o.o(.ARM.Collect$$_printf_percent$$0000000B)
    _printf_x                                0x080001eb   Thumb Code     0  _printf_x.o(.ARM.Collect$$_printf_percent$$0000000C)
    _printf_lli                              0x080001f1   Thumb Code     0  _printf_lli.o(.ARM.Collect$$_printf_percent$$0000000D)
    _printf_lld                              0x080001f7   Thumb Code     0  _printf_lld.o(.ARM.Collect$$_printf_percent$$0000000E)
    _printf_llu                              0x080001fd   Thumb Code     0  _printf_llu.o(.ARM.Collect$$_printf_percent$$0000000F)
    _printf_llo                              0x08000203   Thumb Code     0  _printf_llo.o(.ARM.Collect$$_printf_percent$$00000010)
    _printf_llx                              0x08000209   Thumb Code     0  _printf_llx.o(.ARM.Collect$$_printf_percent$$00000011)
    _printf_l                                0x0800020f   Thumb Code     0  _printf_l.o(.ARM.Collect$$_printf_percent$$00000012)
    _printf_c                                0x08000219   Thumb Code     0  _printf_c.o(.ARM.Collect$$_printf_percent$$00000013)
    _printf_s                                0x0800021f   Thumb Code     0  _printf_s.o(.ARM.Collect$$_printf_percent$$00000014)
    _printf_lc                               0x08000225   Thumb Code     0  _printf_lc.o(.ARM.Collect$$_printf_percent$$00000015)
    _printf_ls                               0x0800022b   Thumb Code     0  _printf_ls.o(.ARM.Collect$$_printf_percent$$00000016)
    _printf_percent_end                      0x08000231   Thumb Code     0  _printf_percent_end.o(.ARM.Collect$$_printf_percent$$00000017)
    __rt_lib_init                            0x08000235   Thumb Code     0  libinit.o(.ARM.Collect$$libinit$$00000000)
    __rt_lib_init_fp_1                       0x08000237   Thumb Code     0  libinit2.o(.ARM.Collect$$libinit$$00000002)
    __rt_lib_init_heap_1                     0x08000237   Thumb Code     0  libinit2.o(.ARM.Collect$$libinit$$0000000A)
    __rt_lib_init_lc_common                  0x08000237   Thumb Code     0  libinit2.o(.ARM.Collect$$libinit$$0000000F)
    __rt_lib_init_preinit_1                  0x08000237   Thumb Code     0  libinit2.o(.ARM.Collect$$libinit$$00000004)
    __rt_lib_init_rand_1                     0x08000237   Thumb Code     0  libinit2.o(.ARM.Collect$$libinit$$0000000E)
    __rt_lib_init_user_alloc_1               0x08000237   Thumb Code     0  libinit2.o(.ARM.Collect$$libinit$$0000000C)
    __rt_lib_init_lc_collate_1               0x0800023d   Thumb Code     0  libinit2.o(.ARM.Collect$$libinit$$00000011)
    __rt_lib_init_lc_ctype_2                 0x0800023d   Thumb Code     0  libinit2.o(.ARM.Collect$$libinit$$00000012)
    __rt_lib_init_lc_ctype_1                 0x08000249   Thumb Code     0  libinit2.o(.ARM.Collect$$libinit$$00000013)
    __rt_lib_init_lc_monetary_1              0x08000249   Thumb Code     0  libinit2.o(.ARM.Collect$$libinit$$00000015)
    __rt_lib_init_lc_numeric_2               0x08000249   Thumb Code     0  libinit2.o(.ARM.Collect$$libinit$$00000016)
    __rt_lib_init_alloca_1                   0x08000253   Thumb Code     0  libinit2.o(.ARM.Collect$$libinit$$0000002E)
    __rt_lib_init_argv_1                     0x08000253   Thumb Code     0  libinit2.o(.ARM.Collect$$libinit$$0000002C)
    __rt_lib_init_atexit_1                   0x08000253   Thumb Code     0  libinit2.o(.ARM.Collect$$libinit$$0000001B)
    __rt_lib_init_clock_1                    0x08000253   Thumb Code     0  libinit2.o(.ARM.Collect$$libinit$$00000021)
    __rt_lib_init_cpp_1                      0x08000253   Thumb Code     0  libinit2.o(.ARM.Collect$$libinit$$00000032)
    __rt_lib_init_exceptions_1               0x08000253   Thumb Code     0  libinit2.o(.ARM.Collect$$libinit$$00000030)
    __rt_lib_init_fp_trap_1                  0x08000253   Thumb Code     0  libinit2.o(.ARM.Collect$$libinit$$0000001F)
    __rt_lib_init_getenv_1                   0x08000253   Thumb Code     0  libinit2.o(.ARM.Collect$$libinit$$00000023)
    __rt_lib_init_lc_numeric_1               0x08000253   Thumb Code     0  libinit2.o(.ARM.Collect$$libinit$$00000017)
    __rt_lib_init_lc_time_1                  0x08000253   Thumb Code     0  libinit2.o(.ARM.Collect$$libinit$$00000019)
    __rt_lib_init_return                     0x08000253   Thumb Code     0  libinit2.o(.ARM.Collect$$libinit$$00000033)
    __rt_lib_init_signal_1                   0x08000253   Thumb Code     0  libinit2.o(.ARM.Collect$$libinit$$0000001D)
    __rt_lib_init_stdio_1                    0x08000253   Thumb Code     0  libinit2.o(.ARM.Collect$$libinit$$00000025)
    __rt_lib_shutdown                        0x08000255   Thumb Code     0  libshutdown.o(.ARM.Collect$$libshutdown$$00000000)
    __rt_lib_shutdown_fp_trap_1              0x08000257   Thumb Code     0  libshutdown2.o(.ARM.Collect$$libshutdown$$00000006)
    __rt_lib_shutdown_heap_1                 0x08000257   Thumb Code     0  libshutdown2.o(.ARM.Collect$$libshutdown$$0000000E)
    __rt_lib_shutdown_return                 0x08000257   Thumb Code     0  libshutdown2.o(.ARM.Collect$$libshutdown$$0000000F)
    __rt_lib_shutdown_signal_1               0x08000257   Thumb Code     0  libshutdown2.o(.ARM.Collect$$libshutdown$$00000009)
    __rt_lib_shutdown_stdio_1                0x08000257   Thumb Code     0  libshutdown2.o(.ARM.Collect$$libshutdown$$00000003)
    __rt_lib_shutdown_user_alloc_1           0x08000257   Thumb Code     0  libshutdown2.o(.ARM.Collect$$libshutdown$$0000000B)
    __rt_entry                               0x08000259   Thumb Code     0  __rtentry.o(.ARM.Collect$$rtentry$$00000000)
    __rt_entry_presh_1                       0x08000259   Thumb Code     0  __rtentry2.o(.ARM.Collect$$rtentry$$00000002)
    __rt_entry_sh                            0x08000259   Thumb Code     0  __rtentry4.o(.ARM.Collect$$rtentry$$00000004)
    __rt_entry_li                            0x0800025f   Thumb Code     0  __rtentry2.o(.ARM.Collect$$rtentry$$0000000A)
    __rt_entry_postsh_1                      0x0800025f   Thumb Code     0  __rtentry2.o(.ARM.Collect$$rtentry$$00000009)
    __rt_entry_main                          0x08000263   Thumb Code     0  __rtentry2.o(.ARM.Collect$$rtentry$$0000000D)
    __rt_entry_postli_1                      0x08000263   Thumb Code     0  __rtentry2.o(.ARM.Collect$$rtentry$$0000000C)
    __rt_exit                                0x0800026b   Thumb Code     0  rtexit.o(.ARM.Collect$$rtexit$$00000000)
    __rt_exit_ls                             0x0800026d   Thumb Code     0  rtexit2.o(.ARM.Collect$$rtexit$$00000003)
    __rt_exit_prels_1                        0x0800026d   Thumb Code     0  rtexit2.o(.ARM.Collect$$rtexit$$00000002)
    __rt_exit_exit                           0x08000271   Thumb Code     0  rtexit2.o(.ARM.Collect$$rtexit$$00000004)
    Reset_Handler                            0x08000279   Thumb Code     8  startup_stm32f10x_hd.o(.text)
    ADC1_2_IRQHandler                        0x08000293   Thumb Code     0  startup_stm32f10x_hd.o(.text)
    ADC3_IRQHandler                          0x08000293   Thumb Code     0  startup_stm32f10x_hd.o(.text)
    CAN1_RX1_IRQHandler                      0x08000293   Thumb Code     0  startup_stm32f10x_hd.o(.text)
    CAN1_SCE_IRQHandler                      0x08000293   Thumb Code     0  startup_stm32f10x_hd.o(.text)
    DMA1_Channel1_IRQHandler                 0x08000293   Thumb Code     0  startup_stm32f10x_hd.o(.text)
    DMA1_Channel2_IRQHandler                 0x08000293   Thumb Code     0  startup_stm32f10x_hd.o(.text)
    DMA1_Channel3_IRQHandler                 0x08000293   Thumb Code     0  startup_stm32f10x_hd.o(.text)
    DMA1_Channel4_IRQHandler                 0x08000293   Thumb Code     0  startup_stm32f10x_hd.o(.text)
    DMA1_Channel5_IRQHandler                 0x08000293   Thumb Code     0  startup_stm32f10x_hd.o(.text)
    DMA1_Channel6_IRQHandler                 0x08000293   Thumb Code     0  startup_stm32f10x_hd.o(.text)
    DMA1_Channel7_IRQHandler                 0x08000293   Thumb Code     0  startup_stm32f10x_hd.o(.text)
    DMA2_Channel1_IRQHandler                 0x08000293   Thumb Code     0  startup_stm32f10x_hd.o(.text)
    DMA2_Channel2_IRQHandler                 0x08000293   Thumb Code     0  startup_stm32f10x_hd.o(.text)
    DMA2_Channel3_IRQHandler                 0x08000293   Thumb Code     0  startup_stm32f10x_hd.o(.text)
    DMA2_Channel4_5_IRQHandler               0x08000293   Thumb Code     0  startup_stm32f10x_hd.o(.text)
    EXTI0_IRQHandler                         0x08000293   Thumb Code     0  startup_stm32f10x_hd.o(.text)
    EXTI15_10_IRQHandler                     0x08000293   Thumb Code     0  startup_stm32f10x_hd.o(.text)
    EXTI1_IRQHandler                         0x08000293   Thumb Code     0  startup_stm32f10x_hd.o(.text)
    EXTI2_IRQHandler                         0x08000293   Thumb Code     0  startup_stm32f10x_hd.o(.text)
    EXTI3_IRQHandler                         0x08000293   Thumb Code     0  startup_stm32f10x_hd.o(.text)
    EXTI4_IRQHandler                         0x08000293   Thumb Code     0  startup_stm32f10x_hd.o(.text)
    EXTI9_5_IRQHandler                       0x08000293   Thumb Code     0  startup_stm32f10x_hd.o(.text)
    FLASH_IRQHandler                         0x08000293   Thumb Code     0  startup_stm32f10x_hd.o(.text)
    FSMC_IRQHandler                          0x08000293   Thumb Code     0  startup_stm32f10x_hd.o(.text)
    I2C1_ER_IRQHandler                       0x08000293   Thumb Code     0  startup_stm32f10x_hd.o(.text)
    I2C1_EV_IRQHandler                       0x08000293   Thumb Code     0  startup_stm32f10x_hd.o(.text)
    I2C2_ER_IRQHandler                       0x08000293   Thumb Code     0  startup_stm32f10x_hd.o(.text)
    I2C2_EV_IRQHandler                       0x08000293   Thumb Code     0  startup_stm32f10x_hd.o(.text)
    PVD_IRQHandler                           0x08000293   Thumb Code     0  startup_stm32f10x_hd.o(.text)
    RCC_IRQHandler                           0x08000293   Thumb Code     0  startup_stm32f10x_hd.o(.text)
    RTCAlarm_IRQHandler                      0x08000293   Thumb Code     0  startup_stm32f10x_hd.o(.text)
    RTC_IRQHandler                           0x08000293   Thumb Code     0  startup_stm32f10x_hd.o(.text)
    SDIO_IRQHandler                          0x08000293   Thumb Code     0  startup_stm32f10x_hd.o(.text)
    SPI1_IRQHandler                          0x08000293   Thumb Code     0  startup_stm32f10x_hd.o(.text)
    SPI2_IRQHandler                          0x08000293   Thumb Code     0  startup_stm32f10x_hd.o(.text)
    SPI3_IRQHandler                          0x08000293   Thumb Code     0  startup_stm32f10x_hd.o(.text)
    TAMPER_IRQHandler                        0x08000293   Thumb Code     0  startup_stm32f10x_hd.o(.text)
    TIM1_BRK_IRQHandler                      0x08000293   Thumb Code     0  startup_stm32f10x_hd.o(.text)
    TIM1_CC_IRQHandler                       0x08000293   Thumb Code     0  startup_stm32f10x_hd.o(.text)
    TIM1_TRG_COM_IRQHandler                  0x08000293   Thumb Code     0  startup_stm32f10x_hd.o(.text)
    TIM1_UP_IRQHandler                       0x08000293   Thumb Code     0  startup_stm32f10x_hd.o(.text)
    TIM2_IRQHandler                          0x08000293   Thumb Code     0  startup_stm32f10x_hd.o(.text)
    TIM4_IRQHandler                          0x08000293   Thumb Code     0  startup_stm32f10x_hd.o(.text)
    TIM5_IRQHandler                          0x08000293   Thumb Code     0  startup_stm32f10x_hd.o(.text)
    TIM6_IRQHandler                          0x08000293   Thumb Code     0  startup_stm32f10x_hd.o(.text)
    TIM8_BRK_IRQHandler                      0x08000293   Thumb Code     0  startup_stm32f10x_hd.o(.text)
    TIM8_CC_IRQHandler                       0x08000293   Thumb Code     0  startup_stm32f10x_hd.o(.text)
    TIM8_TRG_COM_IRQHandler                  0x08000293   Thumb Code     0  startup_stm32f10x_hd.o(.text)
    TIM8_UP_IRQHandler                       0x08000293   Thumb Code     0  startup_stm32f10x_hd.o(.text)
    UART4_IRQHandler                         0x08000293   Thumb Code     0  startup_stm32f10x_hd.o(.text)
    UART5_IRQHandler                         0x08000293   Thumb Code     0  startup_stm32f10x_hd.o(.text)
    USART2_IRQHandler                        0x08000293   Thumb Code     0  startup_stm32f10x_hd.o(.text)
    USBWakeUp_IRQHandler                     0x08000293   Thumb Code     0  startup_stm32f10x_hd.o(.text)
    USB_HP_CAN1_TX_IRQHandler                0x08000293   Thumb Code     0  startup_stm32f10x_hd.o(.text)
    USB_LP_CAN1_RX0_IRQHandler               0x08000293   Thumb Code     0  startup_stm32f10x_hd.o(.text)
    WWDG_IRQHandler                          0x08000293   Thumb Code     0  startup_stm32f10x_hd.o(.text)
    __user_initial_stackheap                 0x08000295   Thumb Code     0  startup_stm32f10x_hd.o(.text)
    __use_no_semihosting                     0x080002b9   Thumb Code     2  use_no_semi_2.o(.text)
    __c89vsprintf                            0x080002bd   Thumb Code    32  c89vsprintf.o(.text)
    __2printf                                0x080002e1   Thumb Code    20  __2printf.o(.text)
    _printf_str                              0x080002f9   Thumb Code    82  _printf_str.o(.text)
    _printf_longlong_hex                     0x0800034d   Thumb Code    86  _printf_hex_int_ll_ptr.o(.text)
    _printf_int_hex                          0x080003a3   Thumb Code    28  _printf_hex_int_ll_ptr.o(.text)
    _printf_ll_hex                           0x080003bf   Thumb Code    12  _printf_hex_int_ll_ptr.o(.text)
    _printf_hex_ptr                          0x080003cb   Thumb Code    18  _printf_hex_int_ll_ptr.o(.text)
    __printf                                 0x080003e1   Thumb Code   388  __printf_flags_ss_wp.o(.text)
    strlen                                   0x08000569   Thumb Code    62  strlen.o(.text)
    __use_two_region_memory                  0x080005a7   Thumb Code     2  heapauxi.o(.text)
    __rt_heap_escrow$2region                 0x080005a9   Thumb Code     2  heapauxi.o(.text)
    __rt_heap_expand$2region                 0x080005ab   Thumb Code     2  heapauxi.o(.text)
    __I$use$semihosting                      0x080005ad   Thumb Code     0  use_no_semi.o(.text)
    __use_no_semihosting_swi                 0x080005ad   Thumb Code     2  use_no_semi.o(.text)
    __read_errno                             0x080005af   Thumb Code    10  _rserrno.o(.text)
    __set_errno                              0x080005b9   Thumb Code    12  _rserrno.o(.text)
    _printf_pre_padding                      0x080005c5   Thumb Code    44  _printf_pad.o(.text)
    _printf_post_padding                     0x080005f1   Thumb Code    34  _printf_pad.o(.text)
    _printf_truncate_signed                  0x08000613   Thumb Code    18  _printf_truncate.o(.text)
    _printf_truncate_unsigned                0x08000625   Thumb Code    18  _printf_truncate.o(.text)
    _printf_int_common                       0x08000637   Thumb Code   178  _printf_intcommon.o(.text)
    _printf_int_dec                          0x080006e9   Thumb Code   104  _printf_dec.o(.text)
    _printf_charcount                        0x08000761   Thumb Code    40  _printf_charcount.o(.text)
    _printf_char_common                      0x08000793   Thumb Code    32  _printf_char_common.o(.text)
    _sputc                                   0x080007b9   Thumb Code    10  _sputc.o(.text)
    _printf_cs_common                        0x080007c3   Thumb Code    20  _printf_char.o(.text)
    _printf_char                             0x080007d7   Thumb Code    16  _printf_char.o(.text)
    _printf_string                           0x080007e7   Thumb Code     8  _printf_char.o(.text)
    _printf_char_file                        0x080007f1   Thumb Code    32  _printf_char_file.o(.text)
    _printf_wctomb                           0x08000815   Thumb Code   182  _printf_wctomb.o(.text)
    _printf_longlong_dec                     0x080008d1   Thumb Code   108  _printf_longlong_dec.o(.text)
    _printf_longlong_oct                     0x0800094d   Thumb Code    68  _printf_oct_int_ll.o(.text)
    _printf_int_oct                          0x08000991   Thumb Code    24  _printf_oct_int_ll.o(.text)
    _printf_ll_oct                           0x080009a9   Thumb Code    12  _printf_oct_int_ll.o(.text)
    __aeabi_errno_addr                       0x080009bd   Thumb Code     8  rt_errno_addr_intlibspace.o(.text)
    __errno$intlibspace                      0x080009bd   Thumb Code     0  rt_errno_addr_intlibspace.o(.text)
    __rt_errno_addr$intlibspace              0x080009bd   Thumb Code     0  rt_errno_addr_intlibspace.o(.text)
    _ll_udiv10                               0x080009c5   Thumb Code   138  lludiv10.o(.text)
    __lib_sel_fp_printf                      0x08000a4f   Thumb Code     2  _printf_fp_dec.o(.text)
    _printf_fp_dec_real                      0x08000bfd   Thumb Code   620  _printf_fp_dec.o(.text)
    _printf_lcs_common                       0x08000e69   Thumb Code    20  _printf_wchar.o(.text)
    _printf_wchar                            0x08000e7d   Thumb Code    16  _printf_wchar.o(.text)
    _printf_wstring                          0x08000e8d   Thumb Code     8  _printf_wchar.o(.text)
    ferror                                   0x08000e95   Thumb Code     8  ferror.o(.text)
    _wcrtomb                                 0x08000e9d   Thumb Code    64  _wcrtomb.o(.text)
    __user_libspace                          0x08000edd   Thumb Code     8  libspace.o(.text)
    __user_perproc_libspace                  0x08000edd   Thumb Code     0  libspace.o(.text)
    __user_perthread_libspace                0x08000edd   Thumb Code     0  libspace.o(.text)
    __user_setup_stackheap                   0x08000ee5   Thumb Code    74  sys_stackheap_outer.o(.text)
    __rt_ctype_table                         0x08000f31   Thumb Code    16  rt_ctype_table.o(.text)
    __rt_locale                              0x08000f41   Thumb Code     8  rt_locale_intlibspace.o(.text)
    _printf_fp_infnan                        0x08000f49   Thumb Code   112  _printf_fp_infnan.o(.text)
    _btod_etento                             0x08000fc9   Thumb Code   216  bigflt0.o(.text)
    exit                                     0x080010a5   Thumb Code    12  exit.o(.text)
    strcmp                                   0x080010b1   Thumb Code   128  strcmpv7m.o(.text)
    _btod_d2e                                0x08001131   Thumb Code    62  btod.o(CL$$btod_d2e)
    _d2e_denorm_low                          0x0800116f   Thumb Code    70  btod.o(CL$$btod_d2e_denorm_low)
    _d2e_norm_op1                            0x080011b5   Thumb Code    96  btod.o(CL$$btod_d2e_norm_op1)
    __btod_div_common                        0x08001215   Thumb Code   696  btod.o(CL$$btod_div_common)
    _e2e                                     0x0800154d   Thumb Code   198  btod.o(CL$$btod_e2e)
    _btod_ediv                               0x08001613   Thumb Code    40  btod.o(CL$$btod_ediv)
    _btod_emul                               0x0800163b   Thumb Code    40  btod.o(CL$$btod_emul)
    __btod_mult_common                       0x08001663   Thumb Code   580  btod.o(CL$$btod_mult_common)
    BusFault_Handler                         0x080018a7   Thumb Code     4  stm32f10x_it.o(i.BusFault_Handler)
    CalulateCRC                              0x080018ab   Thumb Code   108  rfid_rcc522.o(i.CalulateCRC)
    ClearBitMask                             0x08001917   Thumb Code    26  rfid_rcc522.o(i.ClearBitMask)
    DebugMon_Handler                         0x08001931   Thumb Code     2  stm32f10x_it.o(i.DebugMon_Handler)
    GPIO_Init                                0x08001933   Thumb Code   278  stm32f10x_gpio.o(i.GPIO_Init)
    GPIO_ReadInputDataBit                    0x08001a49   Thumb Code    18  stm32f10x_gpio.o(i.GPIO_ReadInputDataBit)
    GPIO_ReadOutputDataBit                   0x08001a5b   Thumb Code    18  stm32f10x_gpio.o(i.GPIO_ReadOutputDataBit)
    GPIO_ResetBits                           0x08001a6d   Thumb Code     4  stm32f10x_gpio.o(i.GPIO_ResetBits)
    GPIO_SetBits                             0x08001a71   Thumb Code     4  stm32f10x_gpio.o(i.GPIO_SetBits)
    HardFault_Handler                        0x08001a75   Thumb Code     4  stm32f10x_it.o(i.HardFault_Handler)
    KEY_Scan                                 0x08001a79   Thumb Code   186  key.o(i.KEY_Scan)
    LCD_DisplayOn                            0x08001b41   Thumb Code    92  ili93xx.o(i.LCD_DisplayOn)
    LCD_Fast_DrawPoint                       0x08001ba1   Thumb Code   370  ili93xx.o(i.LCD_Fast_DrawPoint)
    LCD_Pow                                  0x08001d1d   Thumb Code    22  ili93xx.o(i.LCD_Pow)
    LCD_ShowChar                             0x08001d35   Thumb Code   272  ili93xx.o(i.LCD_ShowChar)
    LCD_ShowString                           0x08001e5d   Thumb Code   102  ili93xx.o(i.LCD_ShowString)
    LCD_ShowxNum                             0x08001ec3   Thumb Code   190  ili93xx.o(i.LCD_ShowxNum)
    LCD_WR_DATA                              0x08001f81   Thumb Code     6  ili93xx.o(i.LCD_WR_DATA)
    LCD_WR_REG                               0x08001f8d   Thumb Code     6  ili93xx.o(i.LCD_WR_REG)
    LCD_WriteReg                             0x08001f99   Thumb Code    10  ili93xx.o(i.LCD_WriteReg)
    M500PcdConfigISOType                     0x08001fa9   Thumb Code    84  rfid_rcc522.o(i.M500PcdConfigISOType)
    MemManage_Handler                        0x08001ffd   Thumb Code     4  stm32f10x_it.o(i.MemManage_Handler)
    NMI_Handler                              0x08002001   Thumb Code     2  stm32f10x_it.o(i.NMI_Handler)
    NVIC_Init                                0x08002005   Thumb Code   100  misc.o(i.NVIC_Init)
    PcdAntennaOn                             0x08002075   Thumb Code    26  rfid_rcc522.o(i.PcdAntennaOn)
    PcdAnticoll                              0x0800208f   Thumb Code   112  rfid_rcc522.o(i.PcdAnticoll)
    PcdAuthState                             0x080020ff   Thumb Code   110  rfid_rcc522.o(i.PcdAuthState)
    PcdComMF522                              0x0800216d   Thumb Code   318  rfid_rcc522.o(i.PcdComMF522)
    PcdRead                                  0x080022b9   Thumb Code    84  rfid_rcc522.o(i.PcdRead)
    PcdRequest                               0x0800230d   Thumb Code    84  rfid_rcc522.o(i.PcdRequest)
    PcdReset                                 0x08002361   Thumb Code   124  rfid_rcc522.o(i.PcdReset)
    PcdSelect                                0x080023e1   Thumb Code   114  rfid_rcc522.o(i.PcdSelect)
    PendSV_Handler                           0x08002453   Thumb Code     2  stm32f10x_it.o(i.PendSV_Handler)
    RC522_Handel                             0x08002455   Thumb Code   472  rfid_rcc522.o(i.RC522_Handel)
    RC522_Init                               0x08002735   Thumb Code    34  rfid_rcc522.o(i.RC522_Init)
    RCC_APB1PeriphClockCmd                   0x08002761   Thumb Code    26  stm32f10x_rcc.o(i.RCC_APB1PeriphClockCmd)
    RCC_APB1PeriphResetCmd                   0x08002781   Thumb Code    26  stm32f10x_rcc.o(i.RCC_APB1PeriphResetCmd)
    RCC_APB2PeriphClockCmd                   0x080027a1   Thumb Code    26  stm32f10x_rcc.o(i.RCC_APB2PeriphClockCmd)
    RCC_APB2PeriphResetCmd                   0x080027c1   Thumb Code    26  stm32f10x_rcc.o(i.RCC_APB2PeriphResetCmd)
    RCC_GetClocksFreq                        0x080027e1   Thumb Code   192  stm32f10x_rcc.o(i.RCC_GetClocksFreq)
    ReadRawRC                                0x080028b5   Thumb Code    46  rfid_rcc522.o(i.ReadRawRC)
    SPI1_Init                                0x080028e9   Thumb Code   174  rfid_rcc522.o(i.SPI1_Init)
    SPI_RC522_ReadByte                       0x080029a5   Thumb Code    72  rfid_rcc522.o(i.SPI_RC522_ReadByte)
    SPI_RC522_SendByte                       0x080029f1   Thumb Code    80  rfid_rcc522.o(i.SPI_RC522_SendByte)
    SVC_Handler                              0x08002a45   Thumb Code     2  stm32f10x_it.o(i.SVC_Handler)
    SetBitMask                               0x08002a47   Thumb Code    26  rfid_rcc522.o(i.SetBitMask)
    ShowID                                   0x08002b49   Thumb Code   170  rfid_rcc522.o(i.ShowID)
    SysTick_CLKSourceConfig                  0x08002c01   Thumb Code    40  misc.o(i.SysTick_CLKSourceConfig)
    SysTick_Handler                          0x08002c29   Thumb Code     2  stm32f10x_it.o(i.SysTick_Handler)
    SystemInit                               0x08002c2d   Thumb Code    78  system_stm32f10x.o(i.SystemInit)
    TIM3_IRQHandler                          0x08002c8d   Thumb Code    50  timer.o(i.TIM3_IRQHandler)
    TIM7_IRQHandler                          0x08002cc9   Thumb Code    42  timer.o(i.TIM7_IRQHandler)
    TIM7_Int_Init                            0x08002cfd   Thumb Code    90  timer.o(i.TIM7_Int_Init)
    TIM_ClearFlag                            0x08002d5d   Thumb Code     6  stm32f10x_tim.o(i.TIM_ClearFlag)
    TIM_ClearITPendingBit                    0x08002d63   Thumb Code     6  stm32f10x_tim.o(i.TIM_ClearITPendingBit)
    TIM_Cmd                                  0x08002d69   Thumb Code    24  stm32f10x_tim.o(i.TIM_Cmd)
    TIM_GetFlagStatus                        0x08002d81   Thumb Code    18  stm32f10x_tim.o(i.TIM_GetFlagStatus)
    TIM_GetITStatus                          0x08002d93   Thumb Code    34  stm32f10x_tim.o(i.TIM_GetITStatus)
    TIM_ITConfig                             0x08002db5   Thumb Code    18  stm32f10x_tim.o(i.TIM_ITConfig)
    TIM_SetCounter                           0x08002dc7   Thumb Code     4  stm32f10x_tim.o(i.TIM_SetCounter)
    TIM_TimeBaseInit                         0x08002dcd   Thumb Code   122  stm32f10x_tim.o(i.TIM_TimeBaseInit)
    USART1_IRQHandler                        0x08002e71   Thumb Code    68  usart.o(i.USART1_IRQHandler)
    USART3_IRQHandler                        0x08002ec5   Thumb Code    94  usart3.o(i.USART3_IRQHandler)
    USART_Cmd                                0x08002f35   Thumb Code    24  stm32f10x_usart.o(i.USART_Cmd)
    USART_DeInit                             0x08002f4d   Thumb Code   134  stm32f10x_usart.o(i.USART_DeInit)
    USART_GetFlagStatus                      0x08002fe9   Thumb Code    26  stm32f10x_usart.o(i.USART_GetFlagStatus)
    USART_GetITStatus                        0x08003003   Thumb Code    84  stm32f10x_usart.o(i.USART_GetITStatus)
    USART_ITConfig                           0x08003057   Thumb Code    74  stm32f10x_usart.o(i.USART_ITConfig)
    USART_Init                               0x080030a1   Thumb Code   210  stm32f10x_usart.o(i.USART_Init)
    USART_ReceiveData                        0x08003179   Thumb Code    10  stm32f10x_usart.o(i.USART_ReceiveData)
    USART_SendData                           0x08003183   Thumb Code     8  stm32f10x_usart.o(i.USART_SendData)
    UsageFault_Handler                       0x0800318b   Thumb Code     4  stm32f10x_it.o(i.UsageFault_Handler)
    WriteRawRC                               0x08003191   Thumb Code    42  rfid_rcc522.o(i.WriteRawRC)
    ZutaiGPIO_Init                           0x080031c1   Thumb Code   112  main.o(i.ZutaiGPIO_Init)
    __ARM_fpclassify                         0x08003239   Thumb Code    40  fpclassify.o(i.__ARM_fpclassify)
    __kernel_poly                            0x08003261   Thumb Code   170  poly.o(i.__kernel_poly)
    __mathlib_dbl_divzero                    0x0800330d   Thumb Code    12  dunder.o(i.__mathlib_dbl_divzero)
    __mathlib_dbl_infnan2                    0x0800331d   Thumb Code     4  dunder.o(i.__mathlib_dbl_infnan2)
    __mathlib_dbl_invalid                    0x08003321   Thumb Code    12  dunder.o(i.__mathlib_dbl_invalid)
    __mathlib_dbl_overflow                   0x0800332d   Thumb Code    14  dunder.o(i.__mathlib_dbl_overflow)
    __mathlib_dbl_underflow                  0x0800333d   Thumb Code    10  dunder.o(i.__mathlib_dbl_underflow)
    _is_digit                                0x0800334d   Thumb Code    14  __printf_wp.o(i._is_digit)
    _sys_exit                                0x0800335b   Thumb Code     6  usart.o(i._sys_exit)
    delay_init                               0x08003361   Thumb Code    50  delay.o(i.delay_init)
    delay_ms                                 0x080033a5   Thumb Code    72  delay.o(i.delay_ms)
    delay_us                                 0x080033f1   Thumb Code    72  delay.o(i.delay_us)
    fputc                                    0x0800343d   Thumb Code    24  usart.o(i.fputc)
    main                                     0x08003459   Thumb Code   492  main.o(i.main)
    pow                                      0x080036ad   Thumb Code  2478  pow.o(i.pow)
    sqrt                                     0x08004065   Thumb Code    76  sqrt.o(i.sqrt)
    u3_printf                                0x080040b1   Thumb Code    72  usart3.o(i.u3_printf)
    uart_init                                0x08004101   Thumb Code   152  usart.o(i.uart_init)
    usart3_init                              0x080041a1   Thumb Code   192  usart3.o(i.usart3_init)
    _get_lc_numeric                          0x08004271   Thumb Code    44  lc_numeric_c.o(locale$$code)
    _get_lc_ctype                            0x0800429d   Thumb Code    44  lc_ctype_c.o(locale$$code)
    __aeabi_dadd                             0x080042c9   Thumb Code     0  daddsub_clz.o(x$fpl$dadd)
    _dadd                                    0x080042c9   Thumb Code   332  daddsub_clz.o(x$fpl$dadd)
    __fpl_dcheck_NaN1                        0x08004419   Thumb Code    10  dcheck1.o(x$fpl$dcheck1)
    __fpl_dcmp_Inf                           0x08004429   Thumb Code    24  dcmpi.o(x$fpl$dcmpinf)
    __aeabi_ddiv                             0x08004441   Thumb Code     0  ddiv.o(x$fpl$ddiv)
    _ddiv                                    0x08004441   Thumb Code   552  ddiv.o(x$fpl$ddiv)
    __aeabi_d2uiz                            0x080046f1   Thumb Code     0  dfixu.o(x$fpl$dfixu)
    _dfixu                                   0x080046f1   Thumb Code    90  dfixu.o(x$fpl$dfixu)
    __aeabi_i2d                              0x0800474b   Thumb Code     0  dflt_clz.o(x$fpl$dflt)
    _dflt                                    0x0800474b   Thumb Code    46  dflt_clz.o(x$fpl$dflt)
    __aeabi_ui2d                             0x08004779   Thumb Code     0  dflt_clz.o(x$fpl$dfltu)
    _dfltu                                   0x08004779   Thumb Code    38  dflt_clz.o(x$fpl$dfltu)
    __aeabi_cdcmple                          0x080047a1   Thumb Code     0  dleqf.o(x$fpl$dleqf)
    _dcmple                                  0x080047a1   Thumb Code   120  dleqf.o(x$fpl$dleqf)
    __fpl_dcmple_InfNaN                      0x08004803   Thumb Code     0  dleqf.o(x$fpl$dleqf)
    __aeabi_dmul                             0x08004819   Thumb Code     0  dmul.o(x$fpl$dmul)
    _dmul                                    0x08004819   Thumb Code   332  dmul.o(x$fpl$dmul)
    __fpl_dnaninf                            0x0800496d   Thumb Code   156  dnaninf.o(x$fpl$dnaninf)
    __fpl_dretinf                            0x08004a09   Thumb Code    12  dretinf.o(x$fpl$dretinf)
    __aeabi_cdrcmple                         0x08004a15   Thumb Code     0  drleqf.o(x$fpl$drleqf)
    _drcmple                                 0x08004a15   Thumb Code   108  drleqf.o(x$fpl$drleqf)
    __aeabi_drsub                            0x08004a81   Thumb Code     0  daddsub_clz.o(x$fpl$drsb)
    _drsb                                    0x08004a81   Thumb Code    22  daddsub_clz.o(x$fpl$drsb)
    _dsqrt                                   0x08004a99   Thumb Code   456  dsqrt_noumaal.o(x$fpl$dsqrt)
    __aeabi_dsub                             0x08004c65   Thumb Code     0  daddsub_clz.o(x$fpl$dsub)
    _dsub                                    0x08004c65   Thumb Code   464  daddsub_clz.o(x$fpl$dsub)
    _printf_fp_dec                           0x08004e39   Thumb Code     4  printf1.o(x$fpl$printf1)
    __fpl_return_NaN                         0x08004e3d   Thumb Code   100  retnan.o(x$fpl$retnan)
    __ARM_scalbn                             0x08004ea1   Thumb Code    92  scalbn.o(x$fpl$scalbn)
    __fpl_cmpreturn                          0x08004efd   Thumb Code    48  trapv.o(x$fpl$trapveneer)
    __I$use$fp                               0x08004f2c   Number         0  usenofp.o(x$fpl$usenofp)
    asc2_1206                                0x08004f32   Data        1140  ili93xx.o(.constdata)
    asc2_1608                                0x080053a6   Data        1520  ili93xx.o(.constdata)
    asc2_2412                                0x08005996   Data        3420  ili93xx.o(.constdata)
    __mathlib_zero                           0x080067c0   Data           8  qnan.o(.constdata)
    Region$$Table$$Base                      0x0800685c   Number         0  anon$$obj.o(Region$$Table)
    Region$$Table$$Limit                     0x0800687c   Number         0  anon$$obj.o(Region$$Table)
    __ctype                                  0x080068a5   Data           0  lc_ctype_c.o(locale$$data)
    PowerOnGPIOx                             0x20000000   Data          84  main.o(.data)
    PowerOnPinx                              0x20000054   Data          42  main.o(.data)
    SystemCoreClock                          0x20000080   Data           4  system_stm32f10x.o(.data)
    AHBPrescTable                            0x20000084   Data          16  system_stm32f10x.o(.data)
    __stdout                                 0x200000ac   Data           4  usart.o(.data)
    USART_RX_STA                             0x200000b0   Data           2  usart.o(.data)
    USART3_RX_STA                            0x200000b6   Data           2  usart3.o(.data)
    CT                                       0x200000b8   Data           2  rfid_rcc522.o(.data)
    SN                                       0x200000ba   Data           4  rfid_rcc522.o(.data)
    lxl_bit                                  0x200000be   Data           1  rfid_rcc522.o(.data)
    card1_bit                                0x200000bf   Data           1  rfid_rcc522.o(.data)
    card2_bit                                0x200000c0   Data           1  rfid_rcc522.o(.data)
    card3_bit                                0x200000c1   Data           1  rfid_rcc522.o(.data)
    card4_bit                                0x200000c2   Data           1  rfid_rcc522.o(.data)
    total                                    0x200000c3   Data           1  rfid_rcc522.o(.data)
    lxl                                      0x200000c4   Data           4  rfid_rcc522.o(.data)
    card_1                                   0x200000c8   Data           4  rfid_rcc522.o(.data)
    card_2                                   0x200000cc   Data           4  rfid_rcc522.o(.data)
    card_3                                   0x200000d0   Data           4  rfid_rcc522.o(.data)
    card_4                                   0x200000d4   Data           4  rfid_rcc522.o(.data)
    KEY                                      0x200000d8   Data           6  rfid_rcc522.o(.data)
    AUDIO_OPEN                               0x200000de   Data           6  rfid_rcc522.o(.data)
    RFID1                                    0x200000e4   Data          16  rfid_rcc522.o(.data)
    status                                   0x200000f4   Data           1  rfid_rcc522.o(.data)
    s                                        0x200000f5   Data           1  rfid_rcc522.o(.data)
    POINT_COLOR                              0x200000f6   Data           2  ili93xx.o(.data)
    BACK_COLOR                               0x200000f8   Data           2  ili93xx.o(.data)
    USART_RX_BUF                             0x200000fc   Data         200  usart.o(.bss)
    USART3_RX_BUF                            0x200001c4   Data         600  usart3.o(.bss)
    USART3_TX_BUF                            0x2000041c   Data         600  usart3.o(.bss)
    RFID                                     0x20000674   Data          16  rfid_rcc522.o(.bss)
    lcddev                                   0x20000684   Data          14  ili93xx.o(.bss)
    __libspace_start                         0x20000694   Data          96  libspace.o(.bss)
    __temporary_stack_top$libspace           0x200006f4   Data           0  libspace.o(.bss)



==============================================================================

Memory Map of the image

  Image Entry point : 0x08000279

  Load Region LR_1 (Base: 0x08000000, Size: 0x00006aa4, Max: 0xffffffff, ABSOLUTE)

    Execution Region ER_RO (Base: 0x08000000, Size: 0x000069a8, Max: 0xffffffff, ABSOLUTE)

    Base Addr    Size         Type   Attr      Idx    E Section Name        Object

    0x08000000   0x00000130   Data   RO          337    RESET               startup_stm32f10x_hd.o
    0x08000130   0x00000008   Code   RO         4145  * !!!main             c_w.l(__main.o)
    0x08000138   0x00000034   Code   RO         4504    !!!scatter          c_w.l(__scatter.o)
    0x0800016c   0x0000001a   Code   RO         4506    !!handler_copy      c_w.l(__scatter_copy.o)
    0x08000186   0x00000002   PAD
    0x08000188   0x0000001c   Code   RO         4508    !!handler_zi        c_w.l(__scatter_zi.o)
    0x080001a4   0x00000000   Code   RO         4136    .ARM.Collect$$_printf_percent$$00000000  c_w.l(_printf_percent.o)
    0x080001a4   0x00000006   Code   RO         4216    .ARM.Collect$$_printf_percent$$00000001  c_w.l(_printf_n.o)
    0x080001aa   0x00000006   Code   RO         4217    .ARM.Collect$$_printf_percent$$00000002  c_w.l(_printf_p.o)
    0x080001b0   0x00000006   Code   RO         4222    .ARM.Collect$$_printf_percent$$00000003  c_w.l(_printf_f.o)
    0x080001b6   0x00000006   Code   RO         4223    .ARM.Collect$$_printf_percent$$00000004  c_w.l(_printf_e.o)
    0x080001bc   0x00000006   Code   RO         4224    .ARM.Collect$$_printf_percent$$00000005  c_w.l(_printf_g.o)
    0x080001c2   0x00000006   Code   RO         4225    .ARM.Collect$$_printf_percent$$00000006  c_w.l(_printf_a.o)
    0x080001c8   0x0000000a   Code   RO         4230    .ARM.Collect$$_printf_percent$$00000007  c_w.l(_printf_ll.o)
    0x080001d2   0x00000006   Code   RO         4219    .ARM.Collect$$_printf_percent$$00000008  c_w.l(_printf_i.o)
    0x080001d8   0x00000006   Code   RO         4220    .ARM.Collect$$_printf_percent$$00000009  c_w.l(_printf_d.o)
    0x080001de   0x00000006   Code   RO         4221    .ARM.Collect$$_printf_percent$$0000000A  c_w.l(_printf_u.o)
    0x080001e4   0x00000006   Code   RO         4218    .ARM.Collect$$_printf_percent$$0000000B  c_w.l(_printf_o.o)
    0x080001ea   0x00000006   Code   RO         4135    .ARM.Collect$$_printf_percent$$0000000C  c_w.l(_printf_x.o)
    0x080001f0   0x00000006   Code   RO         4227    .ARM.Collect$$_printf_percent$$0000000D  c_w.l(_printf_lli.o)
    0x080001f6   0x00000006   Code   RO         4228    .ARM.Collect$$_printf_percent$$0000000E  c_w.l(_printf_lld.o)
    0x080001fc   0x00000006   Code   RO         4229    .ARM.Collect$$_printf_percent$$0000000F  c_w.l(_printf_llu.o)
    0x08000202   0x00000006   Code   RO         4234    .ARM.Collect$$_printf_percent$$00000010  c_w.l(_printf_llo.o)
    0x08000208   0x00000006   Code   RO         4235    .ARM.Collect$$_printf_percent$$00000011  c_w.l(_printf_llx.o)
    0x0800020e   0x0000000a   Code   RO         4231    .ARM.Collect$$_printf_percent$$00000012  c_w.l(_printf_l.o)
    0x08000218   0x00000006   Code   RO         4215    .ARM.Collect$$_printf_percent$$00000013  c_w.l(_printf_c.o)
    0x0800021e   0x00000006   Code   RO         4134    .ARM.Collect$$_printf_percent$$00000014  c_w.l(_printf_s.o)
    0x08000224   0x00000006   Code   RO         4232    .ARM.Collect$$_printf_percent$$00000015  c_w.l(_printf_lc.o)
    0x0800022a   0x00000006   Code   RO         4233    .ARM.Collect$$_printf_percent$$00000016  c_w.l(_printf_ls.o)
    0x08000230   0x00000004   Code   RO         4226    .ARM.Collect$$_printf_percent$$00000017  c_w.l(_printf_percent_end.o)
    0x08000234   0x00000002   Code   RO         4369    .ARM.Collect$$libinit$$00000000  c_w.l(libinit.o)
    0x08000236   0x00000000   Code   RO         4384    .ARM.Collect$$libinit$$00000002  c_w.l(libinit2.o)
    0x08000236   0x00000000   Code   RO         4386    .ARM.Collect$$libinit$$00000004  c_w.l(libinit2.o)
    0x08000236   0x00000000   Code   RO         4389    .ARM.Collect$$libinit$$0000000A  c_w.l(libinit2.o)
    0x08000236   0x00000000   Code   RO         4391    .ARM.Collect$$libinit$$0000000C  c_w.l(libinit2.o)
    0x08000236   0x00000000   Code   RO         4393    .ARM.Collect$$libinit$$0000000E  c_w.l(libinit2.o)
    0x08000236   0x00000006   Code   RO         4394    .ARM.Collect$$libinit$$0000000F  c_w.l(libinit2.o)
    0x0800023c   0x00000000   Code   RO         4396    .ARM.Collect$$libinit$$00000011  c_w.l(libinit2.o)
    0x0800023c   0x0000000c   Code   RO         4397    .ARM.Collect$$libinit$$00000012  c_w.l(libinit2.o)
    0x08000248   0x00000000   Code   RO         4398    .ARM.Collect$$libinit$$00000013  c_w.l(libinit2.o)
    0x08000248   0x00000000   Code   RO         4400    .ARM.Collect$$libinit$$00000015  c_w.l(libinit2.o)
    0x08000248   0x0000000a   Code   RO         4401    .ARM.Collect$$libinit$$00000016  c_w.l(libinit2.o)
    0x08000252   0x00000000   Code   RO         4402    .ARM.Collect$$libinit$$00000017  c_w.l(libinit2.o)
    0x08000252   0x00000000   Code   RO         4404    .ARM.Collect$$libinit$$00000019  c_w.l(libinit2.o)
    0x08000252   0x00000000   Code   RO         4406    .ARM.Collect$$libinit$$0000001B  c_w.l(libinit2.o)
    0x08000252   0x00000000   Code   RO         4408    .ARM.Collect$$libinit$$0000001D  c_w.l(libinit2.o)
    0x08000252   0x00000000   Code   RO         4410    .ARM.Collect$$libinit$$0000001F  c_w.l(libinit2.o)
    0x08000252   0x00000000   Code   RO         4412    .ARM.Collect$$libinit$$00000021  c_w.l(libinit2.o)
    0x08000252   0x00000000   Code   RO         4414    .ARM.Collect$$libinit$$00000023  c_w.l(libinit2.o)
    0x08000252   0x00000000   Code   RO         4416    .ARM.Collect$$libinit$$00000025  c_w.l(libinit2.o)
    0x08000252   0x00000000   Code   RO         4420    .ARM.Collect$$libinit$$0000002C  c_w.l(libinit2.o)
    0x08000252   0x00000000   Code   RO         4422    .ARM.Collect$$libinit$$0000002E  c_w.l(libinit2.o)
    0x08000252   0x00000000   Code   RO         4424    .ARM.Collect$$libinit$$00000030  c_w.l(libinit2.o)
    0x08000252   0x00000000   Code   RO         4426    .ARM.Collect$$libinit$$00000032  c_w.l(libinit2.o)
    0x08000252   0x00000002   Code   RO         4427    .ARM.Collect$$libinit$$00000033  c_w.l(libinit2.o)
    0x08000254   0x00000002   Code   RO         4447    .ARM.Collect$$libshutdown$$00000000  c_w.l(libshutdown.o)
    0x08000256   0x00000000   Code   RO         4458    .ARM.Collect$$libshutdown$$00000003  c_w.l(libshutdown2.o)
    0x08000256   0x00000000   Code   RO         4461    .ARM.Collect$$libshutdown$$00000006  c_w.l(libshutdown2.o)
    0x08000256   0x00000000   Code   RO         4464    .ARM.Collect$$libshutdown$$00000009  c_w.l(libshutdown2.o)
    0x08000256   0x00000000   Code   RO         4466    .ARM.Collect$$libshutdown$$0000000B  c_w.l(libshutdown2.o)
    0x08000256   0x00000000   Code   RO         4469    .ARM.Collect$$libshutdown$$0000000E  c_w.l(libshutdown2.o)
    0x08000256   0x00000002   Code   RO         4470    .ARM.Collect$$libshutdown$$0000000F  c_w.l(libshutdown2.o)
    0x08000258   0x00000000   Code   RO         4183    .ARM.Collect$$rtentry$$00000000  c_w.l(__rtentry.o)
    0x08000258   0x00000000   Code   RO         4281    .ARM.Collect$$rtentry$$00000002  c_w.l(__rtentry2.o)
    0x08000258   0x00000006   Code   RO         4293    .ARM.Collect$$rtentry$$00000004  c_w.l(__rtentry4.o)
    0x0800025e   0x00000000   Code   RO         4283    .ARM.Collect$$rtentry$$00000009  c_w.l(__rtentry2.o)
    0x0800025e   0x00000004   Code   RO         4284    .ARM.Collect$$rtentry$$0000000A  c_w.l(__rtentry2.o)
    0x08000262   0x00000000   Code   RO         4286    .ARM.Collect$$rtentry$$0000000C  c_w.l(__rtentry2.o)
    0x08000262   0x00000008   Code   RO         4287    .ARM.Collect$$rtentry$$0000000D  c_w.l(__rtentry2.o)
    0x0800026a   0x00000002   Code   RO         4376    .ARM.Collect$$rtexit$$00000000  c_w.l(rtexit.o)
    0x0800026c   0x00000000   Code   RO         4431    .ARM.Collect$$rtexit$$00000002  c_w.l(rtexit2.o)
    0x0800026c   0x00000004   Code   RO         4432    .ARM.Collect$$rtexit$$00000003  c_w.l(rtexit2.o)
    0x08000270   0x00000006   Code   RO         4433    .ARM.Collect$$rtexit$$00000004  c_w.l(rtexit2.o)
    0x08000276   0x00000002   PAD
    0x08000278   0x00000040   Code   RO          338  * .text               startup_stm32f10x_hd.o
    0x080002b8   0x00000002   Code   RO         4077    .text               c_w.l(use_no_semi_2.o)
    0x080002ba   0x00000002   PAD
    0x080002bc   0x00000024   Code   RO         4079    .text               c_w.l(c89vsprintf.o)
    0x080002e0   0x00000018   Code   RO         4081    .text               c_w.l(__2printf.o)
    0x080002f8   0x00000052   Code   RO         4091    .text               c_w.l(_printf_str.o)
    0x0800034a   0x00000002   PAD
    0x0800034c   0x00000094   Code   RO         4111    .text               c_w.l(_printf_hex_int_ll_ptr.o)
    0x080003e0   0x00000188   Code   RO         4131    .text               c_w.l(__printf_flags_ss_wp.o)
    0x08000568   0x0000003e   Code   RO         4139    .text               c_w.l(strlen.o)
    0x080005a6   0x00000006   Code   RO         4143    .text               c_w.l(heapauxi.o)
    0x080005ac   0x00000002   Code   RO         4181    .text               c_w.l(use_no_semi.o)
    0x080005ae   0x00000016   Code   RO         4184    .text               c_w.l(_rserrno.o)
    0x080005c4   0x0000004e   Code   RO         4186    .text               c_w.l(_printf_pad.o)
    0x08000612   0x00000024   Code   RO         4188    .text               c_w.l(_printf_truncate.o)
    0x08000636   0x000000b2   Code   RO         4190    .text               c_w.l(_printf_intcommon.o)
    0x080006e8   0x00000078   Code   RO         4192    .text               c_w.l(_printf_dec.o)
    0x08000760   0x00000028   Code   RO         4194    .text               c_w.l(_printf_charcount.o)
    0x08000788   0x00000030   Code   RO         4196    .text               c_w.l(_printf_char_common.o)
    0x080007b8   0x0000000a   Code   RO         4198    .text               c_w.l(_sputc.o)
    0x080007c2   0x0000002c   Code   RO         4200    .text               c_w.l(_printf_char.o)
    0x080007ee   0x00000002   PAD
    0x080007f0   0x00000024   Code   RO         4202    .text               c_w.l(_printf_char_file.o)
    0x08000814   0x000000bc   Code   RO         4204    .text               c_w.l(_printf_wctomb.o)
    0x080008d0   0x0000007c   Code   RO         4207    .text               c_w.l(_printf_longlong_dec.o)
    0x0800094c   0x00000070   Code   RO         4213    .text               c_w.l(_printf_oct_int_ll.o)
    0x080009bc   0x00000008   Code   RO         4298    .text               c_w.l(rt_errno_addr_intlibspace.o)
    0x080009c4   0x0000008a   Code   RO         4300    .text               c_w.l(lludiv10.o)
    0x08000a4e   0x0000041a   Code   RO         4302    .text               c_w.l(_printf_fp_dec.o)
    0x08000e68   0x0000002c   Code   RO         4306    .text               c_w.l(_printf_wchar.o)
    0x08000e94   0x00000008   Code   RO         4308    .text               c_w.l(ferror.o)
    0x08000e9c   0x00000040   Code   RO         4312    .text               c_w.l(_wcrtomb.o)
    0x08000edc   0x00000008   Code   RO         4320    .text               c_w.l(libspace.o)
    0x08000ee4   0x0000004a   Code   RO         4323    .text               c_w.l(sys_stackheap_outer.o)
    0x08000f2e   0x00000002   PAD
    0x08000f30   0x00000010   Code   RO         4325    .text               c_w.l(rt_ctype_table.o)
    0x08000f40   0x00000008   Code   RO         4330    .text               c_w.l(rt_locale_intlibspace.o)
    0x08000f48   0x00000080   Code   RO         4332    .text               c_w.l(_printf_fp_infnan.o)
    0x08000fc8   0x000000dc   Code   RO         4334    .text               c_w.l(bigflt0.o)
    0x080010a4   0x0000000c   Code   RO         4362    .text               c_w.l(exit.o)
    0x080010b0   0x00000080   Code   RO         4381    .text               c_w.l(strcmpv7m.o)
    0x08001130   0x0000003e   Code   RO         4337    CL$$btod_d2e        c_w.l(btod.o)
    0x0800116e   0x00000046   Code   RO         4339    CL$$btod_d2e_denorm_low  c_w.l(btod.o)
    0x080011b4   0x00000060   Code   RO         4338    CL$$btod_d2e_norm_op1  c_w.l(btod.o)
    0x08001214   0x00000338   Code   RO         4347    CL$$btod_div_common  c_w.l(btod.o)
    0x0800154c   0x000000c6   Code   RO         4344    CL$$btod_e2e        c_w.l(btod.o)
    0x08001612   0x00000028   Code   RO         4341    CL$$btod_ediv       c_w.l(btod.o)
    0x0800163a   0x00000028   Code   RO         4340    CL$$btod_emul       c_w.l(btod.o)
    0x08001662   0x00000244   Code   RO         4346    CL$$btod_mult_common  c_w.l(btod.o)
    0x080018a6   0x00000004   Code   RO          173    i.BusFault_Handler  stm32f10x_it.o
    0x080018aa   0x0000006c   Code   RO         3708    i.CalulateCRC       rfid_rcc522.o
    0x08001916   0x0000001a   Code   RO         3709    i.ClearBitMask      rfid_rcc522.o
    0x08001930   0x00000002   Code   RO          174    i.DebugMon_Handler  stm32f10x_it.o
    0x08001932   0x00000116   Code   RO         1493    i.GPIO_Init         stm32f10x_gpio.o
    0x08001a48   0x00000012   Code   RO         1497    i.GPIO_ReadInputDataBit  stm32f10x_gpio.o
    0x08001a5a   0x00000012   Code   RO         1499    i.GPIO_ReadOutputDataBit  stm32f10x_gpio.o
    0x08001a6c   0x00000004   Code   RO         1500    i.GPIO_ResetBits    stm32f10x_gpio.o
    0x08001a70   0x00000004   Code   RO         1501    i.GPIO_SetBits      stm32f10x_gpio.o
    0x08001a74   0x00000004   Code   RO          175    i.HardFault_Handler  stm32f10x_it.o
    0x08001a78   0x000000c8   Code   RO         3335    i.KEY_Scan          key.o
    0x08001b40   0x00000060   Code   RO         3866    i.LCD_DisplayOn     ili93xx.o
    0x08001ba0   0x0000017c   Code   RO         3872    i.LCD_Fast_DrawPoint  ili93xx.o
    0x08001d1c   0x00000016   Code   RO         3875    i.LCD_Pow           ili93xx.o
    0x08001d32   0x00000002   PAD
    0x08001d34   0x00000128   Code   RO         3883    i.LCD_ShowChar      ili93xx.o
    0x08001e5c   0x00000066   Code   RO         3885    i.LCD_ShowString    ili93xx.o
    0x08001ec2   0x000000be   Code   RO         3886    i.LCD_ShowxNum      ili93xx.o
    0x08001f80   0x0000000c   Code   RO         3887    i.LCD_WR_DATA       ili93xx.o
    0x08001f8c   0x0000000c   Code   RO         3888    i.LCD_WR_REG        ili93xx.o
    0x08001f98   0x00000010   Code   RO         3891    i.LCD_WriteReg      ili93xx.o
    0x08001fa8   0x00000054   Code   RO         3711    i.M500PcdConfigISOType  rfid_rcc522.o
    0x08001ffc   0x00000004   Code   RO          176    i.MemManage_Handler  stm32f10x_it.o
    0x08002000   0x00000002   Code   RO          177    i.NMI_Handler       stm32f10x_it.o
    0x08002002   0x00000002   PAD
    0x08002004   0x00000070   Code   RO          342    i.NVIC_Init         misc.o
    0x08002074   0x0000001a   Code   RO         3713    i.PcdAntennaOn      rfid_rcc522.o
    0x0800208e   0x00000070   Code   RO         3714    i.PcdAnticoll       rfid_rcc522.o
    0x080020fe   0x0000006e   Code   RO         3715    i.PcdAuthState      rfid_rcc522.o
    0x0800216c   0x0000014c   Code   RO         3716    i.PcdComMF522       rfid_rcc522.o
    0x080022b8   0x00000054   Code   RO         3718    i.PcdRead           rfid_rcc522.o
    0x0800230c   0x00000054   Code   RO         3719    i.PcdRequest        rfid_rcc522.o
    0x08002360   0x00000080   Code   RO         3720    i.PcdReset          rfid_rcc522.o
    0x080023e0   0x00000072   Code   RO         3721    i.PcdSelect         rfid_rcc522.o
    0x08002452   0x00000002   Code   RO          178    i.PendSV_Handler    stm32f10x_it.o
    0x08002454   0x000002e0   Code   RO         3723    i.RC522_Handel      rfid_rcc522.o
    0x08002734   0x0000002c   Code   RO         3724    i.RC522_Init        rfid_rcc522.o
    0x08002760   0x00000020   Code   RO         1909    i.RCC_APB1PeriphClockCmd  stm32f10x_rcc.o
    0x08002780   0x00000020   Code   RO         1910    i.RCC_APB1PeriphResetCmd  stm32f10x_rcc.o
    0x080027a0   0x00000020   Code   RO         1911    i.RCC_APB2PeriphClockCmd  stm32f10x_rcc.o
    0x080027c0   0x00000020   Code   RO         1912    i.RCC_APB2PeriphResetCmd  stm32f10x_rcc.o
    0x080027e0   0x000000d4   Code   RO         1919    i.RCC_GetClocksFreq  stm32f10x_rcc.o
    0x080028b4   0x00000034   Code   RO         3725    i.ReadRawRC         rfid_rcc522.o
    0x080028e8   0x000000bc   Code   RO         3726    i.SPI1_Init         rfid_rcc522.o
    0x080029a4   0x0000004c   Code   RO         3727    i.SPI_RC522_ReadByte  rfid_rcc522.o
    0x080029f0   0x00000054   Code   RO         3728    i.SPI_RC522_SendByte  rfid_rcc522.o
    0x08002a44   0x00000002   Code   RO          179    i.SVC_Handler       stm32f10x_it.o
    0x08002a46   0x0000001a   Code   RO         3729    i.SetBitMask        rfid_rcc522.o
    0x08002a60   0x00000008   Code   RO          262    i.SetSysClock       system_stm32f10x.o
    0x08002a68   0x000000e0   Code   RO          263    i.SetSysClockTo72   system_stm32f10x.o
    0x08002b48   0x000000b8   Code   RO         3730    i.ShowID            rfid_rcc522.o
    0x08002c00   0x00000028   Code   RO          346    i.SysTick_CLKSourceConfig  misc.o
    0x08002c28   0x00000002   Code   RO          180    i.SysTick_Handler   stm32f10x_it.o
    0x08002c2a   0x00000002   PAD
    0x08002c2c   0x00000060   Code   RO          265    i.SystemInit        system_stm32f10x.o
    0x08002c8c   0x0000003c   Code   RO         3377    i.TIM3_IRQHandler   timer.o
    0x08002cc8   0x00000034   Code   RO         3381    i.TIM7_IRQHandler   timer.o
    0x08002cfc   0x00000060   Code   RO         3382    i.TIM7_Int_Init     timer.o
    0x08002d5c   0x00000006   Code   RO         2537    i.TIM_ClearFlag     stm32f10x_tim.o
    0x08002d62   0x00000006   Code   RO         2538    i.TIM_ClearITPendingBit  stm32f10x_tim.o
    0x08002d68   0x00000018   Code   RO         2543    i.TIM_Cmd           stm32f10x_tim.o
    0x08002d80   0x00000012   Code   RO         2563    i.TIM_GetFlagStatus  stm32f10x_tim.o
    0x08002d92   0x00000022   Code   RO         2564    i.TIM_GetITStatus   stm32f10x_tim.o
    0x08002db4   0x00000012   Code   RO         2568    i.TIM_ITConfig      stm32f10x_tim.o
    0x08002dc6   0x00000004   Code   RO         2608    i.TIM_SetCounter    stm32f10x_tim.o
    0x08002dca   0x00000002   PAD
    0x08002dcc   0x000000a4   Code   RO         2614    i.TIM_TimeBaseInit  stm32f10x_tim.o
    0x08002e70   0x00000054   Code   RO         3451    i.USART1_IRQHandler  usart.o
    0x08002ec4   0x00000070   Code   RO         3536    i.USART3_IRQHandler  usart3.o
    0x08002f34   0x00000018   Code   RO         3079    i.USART_Cmd         stm32f10x_usart.o
    0x08002f4c   0x0000009c   Code   RO         3081    i.USART_DeInit      stm32f10x_usart.o
    0x08002fe8   0x0000001a   Code   RO         3082    i.USART_GetFlagStatus  stm32f10x_usart.o
    0x08003002   0x00000054   Code   RO         3083    i.USART_GetITStatus  stm32f10x_usart.o
    0x08003056   0x0000004a   Code   RO         3085    i.USART_ITConfig    stm32f10x_usart.o
    0x080030a0   0x000000d8   Code   RO         3086    i.USART_Init        stm32f10x_usart.o
    0x08003178   0x0000000a   Code   RO         3093    i.USART_ReceiveData  stm32f10x_usart.o
    0x08003182   0x00000008   Code   RO         3096    i.USART_SendData    stm32f10x_usart.o
    0x0800318a   0x00000004   Code   RO          181    i.UsageFault_Handler  stm32f10x_it.o
    0x0800318e   0x00000002   PAD
    0x08003190   0x00000030   Code   RO         3731    i.WriteRawRC        rfid_rcc522.o
    0x080031c0   0x00000078   Code   RO            1    i.ZutaiGPIO_Init    main.o
    0x08003238   0x00000028   Code   RO         4267    i.__ARM_fpclassify  m_ws.l(fpclassify.o)
    0x08003260   0x000000aa   Code   RO         4269    i.__kernel_poly     m_ws.l(poly.o)
    0x0800330a   0x00000002   PAD
    0x0800330c   0x00000010   Code   RO         4253    i.__mathlib_dbl_divzero  m_ws.l(dunder.o)
    0x0800331c   0x00000004   Code   RO         4255    i.__mathlib_dbl_infnan2  m_ws.l(dunder.o)
    0x08003320   0x0000000c   Code   RO         4256    i.__mathlib_dbl_invalid  m_ws.l(dunder.o)
    0x0800332c   0x0000000e   Code   RO         4257    i.__mathlib_dbl_overflow  m_ws.l(dunder.o)
    0x0800333a   0x00000002   PAD
    0x0800333c   0x00000010   Code   RO         4259    i.__mathlib_dbl_underflow  m_ws.l(dunder.o)
    0x0800334c   0x0000000e   Code   RO         4124    i._is_digit         c_w.l(__printf_wp.o)
    0x0800335a   0x00000006   Code   RO         3452    i._sys_exit         usart.o
    0x08003360   0x00000044   Code   RO         3492    i.delay_init        delay.o
    0x080033a4   0x0000004c   Code   RO         3493    i.delay_ms          delay.o
    0x080033f0   0x0000004c   Code   RO         3494    i.delay_us          delay.o
    0x0800343c   0x0000001c   Code   RO         3453    i.fputc             usart.o
    0x08003458   0x00000254   Code   RO            2    i.main              main.o
    0x080036ac   0x000009b8   Code   RO         4172    i.pow               m_ws.l(pow.o)
    0x08004064   0x0000004c   Code   RO         4273    i.sqrt              m_ws.l(sqrt.o)
    0x080040b0   0x00000050   Code   RO         3537    i.u3_printf         usart3.o
    0x08004100   0x000000a0   Code   RO         3454    i.uart_init         usart.o
    0x080041a0   0x000000d0   Code   RO         3538    i.usart3_init       usart3.o
    0x08004270   0x0000002c   Code   RO         4360    locale$$code        c_w.l(lc_numeric_c.o)
    0x0800429c   0x0000002c   Code   RO         4379    locale$$code        c_w.l(lc_ctype_c.o)
    0x080042c8   0x00000150   Code   RO         4147    x$fpl$dadd          fz_ws.l(daddsub_clz.o)
    0x08004418   0x00000010   Code   RO         4314    x$fpl$dcheck1       fz_ws.l(dcheck1.o)
    0x08004428   0x00000018   Code   RO         4370    x$fpl$dcmpinf       fz_ws.l(dcmpi.o)
    0x08004440   0x000002b0   Code   RO         4239    x$fpl$ddiv          fz_ws.l(ddiv.o)
    0x080046f0   0x0000005a   Code   RO         4153    x$fpl$dfixu         fz_ws.l(dfixu.o)
    0x0800474a   0x0000002e   Code   RO         4158    x$fpl$dflt          fz_ws.l(dflt_clz.o)
    0x08004778   0x00000026   Code   RO         4157    x$fpl$dfltu         fz_ws.l(dflt_clz.o)
    0x0800479e   0x00000002   PAD
    0x080047a0   0x00000078   Code   RO         4316    x$fpl$dleqf         fz_ws.l(dleqf.o)
    0x08004818   0x00000154   Code   RO         4163    x$fpl$dmul          fz_ws.l(dmul.o)
    0x0800496c   0x0000009c   Code   RO         4242    x$fpl$dnaninf       fz_ws.l(dnaninf.o)
    0x08004a08   0x0000000c   Code   RO         4244    x$fpl$dretinf       fz_ws.l(dretinf.o)
    0x08004a14   0x0000006c   Code   RO         4246    x$fpl$drleqf        fz_ws.l(drleqf.o)
    0x08004a80   0x00000016   Code   RO         4148    x$fpl$drsb          fz_ws.l(daddsub_clz.o)
    0x08004a96   0x00000002   PAD
    0x08004a98   0x000001cc   Code   RO         4318    x$fpl$dsqrt         fz_ws.l(dsqrt_noumaal.o)
    0x08004c64   0x000001d4   Code   RO         4149    x$fpl$dsub          fz_ws.l(daddsub_clz.o)
    0x08004e38   0x00000004   Code   RO         4248    x$fpl$printf1       fz_ws.l(printf1.o)
    0x08004e3c   0x00000064   Code   RO         4374    x$fpl$retnan        fz_ws.l(retnan.o)
    0x08004ea0   0x0000005c   Code   RO         4250    x$fpl$scalbn        fz_ws.l(scalbn.o)
    0x08004efc   0x00000030   Code   RO         4428    x$fpl$trapveneer    fz_ws.l(trapv.o)
    0x08004f2c   0x00000000   Code   RO         4252    x$fpl$usenofp       fz_ws.l(usenofp.o)
    0x08004f2c   0x00000006   Data   RO            3    .constdata          main.o
    0x08004f32   0x000017c0   Data   RO         3894    .constdata          ili93xx.o
    0x080066f2   0x00000028   Data   RO         4112    .constdata          c_w.l(_printf_hex_int_ll_ptr.o)
    0x0800671a   0x00000011   Data   RO         4132    .constdata          c_w.l(__printf_flags_ss_wp.o)
    0x0800672b   0x00000005   PAD
    0x08006730   0x00000088   Data   RO         4173    .constdata          m_ws.l(pow.o)
    0x080067b8   0x00000008   Data   RO         4205    .constdata          c_w.l(_printf_wctomb.o)
    0x080067c0   0x00000008   Data   RO         4271    .constdata          m_ws.l(qnan.o)
    0x080067c8   0x00000094   Data   RO         4335    .constdata          c_w.l(bigflt0.o)
    0x0800685c   0x00000020   Data   RO         4502    Region$$Table       anon$$obj.o
    0x0800687c   0x0000001c   Data   RO         4359    locale$$data        c_w.l(lc_numeric_c.o)
    0x08006898   0x00000110   Data   RO         4378    locale$$data        c_w.l(lc_ctype_c.o)


    Execution Region ER_RW (Base: 0x20000000, Size: 0x000000fc, Max: 0xffffffff, ABSOLUTE)

    Base Addr    Size         Type   Attr      Idx    E Section Name        Object

    0x20000000   0x0000007e   Data   RW            4    .data               main.o
    0x2000007e   0x00000002   PAD
    0x20000080   0x00000014   Data   RW          266    .data               system_stm32f10x.o
    0x20000094   0x00000014   Data   RW         1939    .data               stm32f10x_rcc.o
    0x200000a8   0x00000002   Data   RW         3337    .data               key.o
    0x200000aa   0x00000002   PAD
    0x200000ac   0x00000006   Data   RW         3456    .data               usart.o
    0x200000b2   0x00000004   Data   RW         3495    .data               delay.o
    0x200000b6   0x00000002   Data   RW         3540    .data               usart3.o
    0x200000b8   0x0000003e   Data   RW         3733    .data               rfid_rcc522.o
    0x200000f6   0x00000004   Data   RW         3895    .data               ili93xx.o


    Execution Region ER_ZI (Base: 0x200000fc, Size: 0x00000bfc, Max: 0xffffffff, ABSOLUTE)

    Base Addr    Size         Type   Attr      Idx    E Section Name        Object

    0x200000fc   0x000000c8   Zero   RW         3455    .bss                usart.o
    0x200001c4   0x000004b0   Zero   RW         3539    .bss                usart3.o
    0x20000674   0x00000010   Zero   RW         3732    .bss                rfid_rcc522.o
    0x20000684   0x0000000e   Zero   RW         3893    .bss                ili93xx.o
    0x20000692   0x00000002   PAD
    0x20000694   0x00000060   Zero   RW         4321    .bss                c_w.l(libspace.o)
    0x200006f4   0x00000004   PAD
    0x200006f8   0x00000200   Zero   RW          336    HEAP                startup_stm32f10x_hd.o
    0x200008f8   0x00000400   Zero   RW          335    STACK               startup_stm32f10x_hd.o


==============================================================================

Image component sizes


      Code (inc. data)   RO Data    RW Data    ZI Data      Debug   Object Name

       220         26          0          4          0       1747   delay.o
      1126         56       6080          4         14       8742   ili93xx.o
       200         14          0          2          0       1612   key.o
       716        112          6        126          0     255791   main.o
       152         12          0          0          0       1566   misc.o
      2646        340          0         62         16      14674   rfid_rcc522.o
        64         26        304          0       1536        812   startup_stm32f10x_hd.o
       322          0          0          0          0       4297   stm32f10x_gpio.o
        26          0          0          0          0       3774   stm32f10x_it.o
       340         44          0         20          0       5624   stm32f10x_rcc.o
       274         42          0          0          0       5283   stm32f10x_tim.o
       598         28          0          0          0       6780   stm32f10x_usart.o
         0          0          0          0          0         32   sys.o
       328         28          0         20          0       2125   system_stm32f10x.o
       208         26          0          0          0       1640   timer.o
       278         28          0          6        200       4152   usart.o
       400         42          0          2       1200       3334   usart3.o

    ----------------------------------------------------------------------
      7908        824       6422        252       2968     321985   Object Totals
         0          0         32          0          0          0   (incl. Generated)
        10          0          0          6          2          0   (incl. Padding)

    ----------------------------------------------------------------------

      Code (inc. data)   RO Data    RW Data    ZI Data      Debug   Library Member Name

        24          4          0          0          0         84   __2printf.o
         8          0          0          0          0         68   __main.o
       392          4         17          0          0         92   __printf_flags_ss_wp.o
        14          0          0          0          0         68   __printf_wp.o
         0          0          0          0          0          0   __rtentry.o
        12          0          0          0          0          0   __rtentry2.o
         6          0          0          0          0          0   __rtentry4.o
        52          8          0          0          0          0   __scatter.o
        26          0          0          0          0          0   __scatter_copy.o
        28          0          0          0          0          0   __scatter_zi.o
         6          0          0          0          0          0   _printf_a.o
         6          0          0          0          0          0   _printf_c.o
        44          0          0          0          0        108   _printf_char.o
        48          6          0          0          0         96   _printf_char_common.o
        36          4          0          0          0         80   _printf_char_file.o
        40          0          0          0          0         68   _printf_charcount.o
         6          0          0          0          0          0   _printf_d.o
       120         16          0          0          0         92   _printf_dec.o
         6          0          0          0          0          0   _printf_e.o
         6          0          0          0          0          0   _printf_f.o
      1050          0          0          0          0        216   _printf_fp_dec.o
       128         16          0          0          0         84   _printf_fp_infnan.o
         6          0          0          0          0          0   _printf_g.o
       148          4         40          0          0        160   _printf_hex_int_ll_ptr.o
         6          0          0          0          0          0   _printf_i.o
       178          0          0          0          0         88   _printf_intcommon.o
        10          0          0          0          0          0   _printf_l.o
         6          0          0          0          0          0   _printf_lc.o
        10          0          0          0          0          0   _printf_ll.o
         6          0          0          0          0          0   _printf_lld.o
         6          0          0          0          0          0   _printf_lli.o
         6          0          0          0          0          0   _printf_llo.o
         6          0          0          0          0          0   _printf_llu.o
         6          0          0          0          0          0   _printf_llx.o
       124         16          0          0          0         92   _printf_longlong_dec.o
         6          0          0          0          0          0   _printf_ls.o
         6          0          0          0          0          0   _printf_n.o
         6          0          0          0          0          0   _printf_o.o
       112          8          0          0          0        124   _printf_oct_int_ll.o
         6          0          0          0          0          0   _printf_p.o
        78          0          0          0          0        108   _printf_pad.o
         0          0          0          0          0          0   _printf_percent.o
         4          0          0          0          0          0   _printf_percent_end.o
         6          0          0          0          0          0   _printf_s.o
        82          0          0          0          0         80   _printf_str.o
        36          0          0          0          0         84   _printf_truncate.o
         6          0          0          0          0          0   _printf_u.o
        44          0          0          0          0        108   _printf_wchar.o
       188          6          8          0          0         92   _printf_wctomb.o
         6          0          0          0          0          0   _printf_x.o
        22          0          0          0          0        100   _rserrno.o
        10          0          0          0          0         68   _sputc.o
        64          0          0          0          0         92   _wcrtomb.o
       220          4        148          0          0         96   bigflt0.o
      1910        128          0          0          0        672   btod.o
        36          4          0          0          0         76   c89vsprintf.o
        12          0          0          0          0         72   exit.o
         8          0          0          0          0         68   ferror.o
         6          0          0          0          0        152   heapauxi.o
        44         10        272          0          0         76   lc_ctype_c.o
        44         10         28          0          0         76   lc_numeric_c.o
         2          0          0          0          0          0   libinit.o
        30          0          0          0          0          0   libinit2.o
         2          0          0          0          0          0   libshutdown.o
         2          0          0          0          0          0   libshutdown2.o
         8          4          0          0         96         68   libspace.o
       138          0          0          0          0         80   lludiv10.o
        16          4          0          0          0         76   rt_ctype_table.o
         8          4          0          0          0         68   rt_errno_addr_intlibspace.o
         8          4          0          0          0         68   rt_locale_intlibspace.o
         2          0          0          0          0          0   rtexit.o
        10          0          0          0          0          0   rtexit2.o
       128          0          0          0          0         68   strcmpv7m.o
        62          0          0          0          0         76   strlen.o
        74          0          0          0          0         80   sys_stackheap_outer.o
         2          0          0          0          0         68   use_no_semi.o
         2          0          0          0          0         68   use_no_semi_2.o
       826         16          0          0          0        348   daddsub_clz.o
        16          4          0          0          0         68   dcheck1.o
        24          0          0          0          0         68   dcmpi.o
       688        140          0          0          0        208   ddiv.o
        90          4          0          0          0         92   dfixu.o
        84          0          0          0          0        136   dflt_clz.o
       120          4          0          0          0         92   dleqf.o
       340         12          0          0          0        104   dmul.o
       156          4          0          0          0         92   dnaninf.o
        12          0          0          0          0         68   dretinf.o
       108          0          0          0          0         80   drleqf.o
       460         56          0          0          0        120   dsqrt_noumaal.o
         4          0          0          0          0         68   printf1.o
       100          0          0          0          0         68   retnan.o
        92          0          0          0          0         68   scalbn.o
        48          0          0          0          0         68   trapv.o
         0          0          0          0          0          0   usenofp.o
        62         10          0          0          0        340   dunder.o
        40          0          0          0          0         68   fpclassify.o
       170          0          0          0          0         96   poly.o
      2488        190        136          0          0        300   pow.o
         0          0          8          0          0          0   qnan.o
        76          0          0          0          0         84   sqrt.o

    ----------------------------------------------------------------------
     12056        704        662          0        100       6896   Library Totals
        20          0          5          0          4          0   (incl. Padding)

    ----------------------------------------------------------------------

      Code (inc. data)   RO Data    RW Data    ZI Data      Debug   Library Name

      6032        264        513          0         96       4260   c_w.l
      3168        240          0          0          0       1748   fz_ws.l
      2836        200        144          0          0        888   m_ws.l

    ----------------------------------------------------------------------
     12056        704        662          0        100       6896   Library Totals

    ----------------------------------------------------------------------

==============================================================================


      Code (inc. data)   RO Data    RW Data    ZI Data      Debug   

     19964       1528       7084        252       3068     320869   Grand Totals
     19964       1528       7084        252       3068     320869   ELF Image Totals
     19964       1528       7084        252          0          0   ROM Totals

==============================================================================

    Total RO  Size (Code + RO Data)                27048 (  26.41kB)
    Total RW  Size (RW Data + ZI Data)              3320 (   3.24kB)
    Total ROM Size (Code + RO Data + RW Data)      27300 (  26.66kB)

==============================================================================

